
optiboot_atmega328.elf:     file format elf32-avr

Sections:
Idx Name          Size      VMA       LMA       File off  Algn
  0 .data         00000002  00800100  00007f18  000006ac  2**0
                  CONTENTS, ALLOC, LOAD, DATA
  1 .text         00000618  00007900  00007900  00000094  2**1
                  CONTENTS, ALLOC, LOAD, READONLY, CODE
  2 .version      00000002  00007ffe  00007ffe  000006ae  2**0
                  CONTENTS, READONLY
  3 .bss          00000046  00800102  00800102  000006ae  2**0
                  ALLOC
  4 .comment      00000011  00000000  00000000  000006b0  2**0
                  CONTENTS, READONLY
  5 .debug_aranges 00000028  00000000  00000000  000006c1  2**0
                  CONTENTS, READONLY, DEBUGGING
  6 .debug_info   000014ea  00000000  00000000  000006e9  2**0
                  CONTENTS, READONLY, DEBUGGING
  7 .debug_abbrev 00000458  00000000  00000000  00001bd3  2**0
                  CONTENTS, READONLY, DEBUGGING
  8 .debug_line   00001874  00000000  00000000  0000202b  2**0
                  CONTENTS, READONLY, DEBUGGING
  9 .debug_frame  00000170  00000000  00000000  000038a0  2**2
                  CONTENTS, READONLY, DEBUGGING
 10 .debug_str    000003f6  00000000  00000000  00003a10  2**0
                  CONTENTS, READONLY, DEBUGGING
 11 .debug_loc    00000af8  00000000  00000000  00003e06  2**0
                  CONTENTS, READONLY, DEBUGGING
 12 .debug_ranges 000001c0  00000000  00000000  000048fe  2**0
                  CONTENTS, READONLY, DEBUGGING

Disassembly of section .text:

00007900 <main>:
  return EEDR;
}

/* main program starts here */
int main(void)
{
    7900:	00 d0       	rcall	.+0      	; 0x7902 <main+0x2>
    7902:	0f 92       	push	r0
    7904:	cd b7       	in	r28, 0x3d	; 61
    7906:	de b7       	in	r29, 0x3e	; 62
  //  SP points to RAMEND
  //  r1 contains zero
  //
  // If not, uncomment the following instructions:
  // cli();
  asm volatile("cli");
    7908:	f8 94       	cli
  asm volatile("clr __zero_reg__");
    790a:	11 24       	eor	r1, r1
  /* Save the original reset reason to pass on to the applicatoin */
  reset_cause = ch;
  marker = 0xdeadbeef;
#else
  // Adaboot no-wait mod
  ch = MCUSR;
    790c:	84 b7       	in	r24, 0x34	; 52
  MCUSR = 0;
    790e:	14 be       	out	0x34, r1	; 52
  if (ch & (_BV(WDRF) | _BV(PORF) | _BV(BORF)))
    7910:	98 2f       	mov	r25, r24
    7912:	9d 70       	andi	r25, 0x0D	; 13
    7914:	09 f0       	breq	.+2      	; 0x7918 <main+0x18>
    appStart(ch);
    7916:	f7 d2       	rcall	.+1518   	; 0x7f06 <appStart>
#endif

#if BSS_SIZE > 0
  // Prepare .data
  asm volatile(
    7918:	11 e0       	ldi	r17, 0x01	; 1
    791a:	a0 e0       	ldi	r26, 0x00	; 0
    791c:	b1 e0       	ldi	r27, 0x01	; 1
    791e:	e8 e1       	ldi	r30, 0x18	; 24
    7920:	ff e7       	ldi	r31, 0x7F	; 127
    7922:	02 c0       	rjmp	.+4      	; 0x7928 <cpchk>

00007924 <copy>:
    7924:	05 90       	lpm	r0, Z+
    7926:	0d 92       	st	X+, r0

00007928 <cpchk>:
    7928:	a2 30       	cpi	r26, 0x02	; 2
    792a:	b1 07       	cpc	r27, r17
    792c:	d9 f7       	brne	.-10     	; 0x7924 <copy>
      "	st	X+, __tmp_reg__\n"
      "cpchk:	cpi	r26, lo8(__data_end)\n"
      "	cpc	r27, r17\n"
      "	brne	copy\n");
  // Prepare .bss
  asm volatile(
    792e:	11 e0       	ldi	r17, 0x01	; 1
    7930:	a2 e0       	ldi	r26, 0x02	; 2
    7932:	b1 e0       	ldi	r27, 0x01	; 1
    7934:	01 c0       	rjmp	.+2      	; 0x7938 <clchk>

00007936 <clear>:
    7936:	1d 92       	st	X+, r1

00007938 <clchk>:
    7938:	a8 34       	cpi	r26, 0x48	; 72
    793a:	b1 07       	cpc	r27, r17
    793c:	e1 f7       	brne	.-8      	; 0x7936 <clear>
      "	brne	clear\n");
#endif

#if LED_START_FLASHES > 0
  // Set up Timer 1 for timeout counter
  TCCR1B = _BV(CS12) | _BV(CS10); // div 1024
    793e:	85 e0       	ldi	r24, 0x05	; 5
    7940:	80 93 81 00 	sts	0x0081, r24	; 0x800081 <__TEXT_REGION_LENGTH__+0x7e0081>
  /*
   * Disable pullups that may have been enabled by a user program.
   * Somehow a pullup on RXD screws up everything unless RXD is externally
   * driven high.
   */
  DDRD |= 3;
    7944:	8a b1       	in	r24, 0x0a	; 10
    7946:	83 60       	ori	r24, 0x03	; 3
    7948:	8a b9       	out	0x0a, r24	; 10
  PORTD &= ~3;
    794a:	8b b1       	in	r24, 0x0b	; 11
    794c:	8c 7f       	andi	r24, 0xFC	; 252
    794e:	8b b9       	out	0x0b, r24	; 11
  UCSRA = _BV(U2X);                             //Double speed mode USART
  UCSRB = _BV(RXEN) | _BV(TXEN);                // enable Rx & Tx
  UCSRC = _BV(URSEL) | _BV(UCSZ1) | _BV(UCSZ0); // config USART; 8N1
  UBRRL = (uint8_t)((F_CPU + BAUD_RATE * 4L) / (BAUD_RATE * 8L) - 1);
#else
  UART_SRA = _BV(U2X0); //Double speed mode USART0
    7950:	82 e0       	ldi	r24, 0x02	; 2
    7952:	80 93 c0 00 	sts	0x00C0, r24	; 0x8000c0 <__TEXT_REGION_LENGTH__+0x7e00c0>
  UART_SRB = _BV(RXEN0) | _BV(TXEN0);
    7956:	88 e1       	ldi	r24, 0x18	; 24
    7958:	80 93 c1 00 	sts	0x00C1, r24	; 0x8000c1 <__TEXT_REGION_LENGTH__+0x7e00c1>
  UART_SRC = _BV(UCSZ00) | _BV(UCSZ01);
    795c:	86 e0       	ldi	r24, 0x06	; 6
    795e:	80 93 c2 00 	sts	0x00C2, r24	; 0x8000c2 <__TEXT_REGION_LENGTH__+0x7e00c2>
  UART_SRL = (uint8_t)((F_CPU + BAUD_RATE * 4L) / (BAUD_RATE * 8L) - 1);
    7962:	80 e1       	ldi	r24, 0x10	; 16
    7964:	80 93 c4 00 	sts	0x00C4, r24	; 0x8000c4 <__TEXT_REGION_LENGTH__+0x7e00c4>
	(void) SPDR;
}

static void spi_init(void) {
	/* Initialize the SPI pins: SCK & MOSI as outputs, MISO as input */
	SPI_DDR |= SCK_PIN | MOSI_PIN;
    7968:	84 b1       	in	r24, 0x04	; 4
    796a:	88 62       	ori	r24, 0x28	; 40
    796c:	84 b9       	out	0x04, r24	; 4
	SPI_DDR &= ~MISO_PIN;
    796e:	24 98       	cbi	0x04, 4	; 4
	/* Must also pre-set SS to output, otherwise it's going to bite us */
	SPI_DDR |= SS_PIN;
    7970:	22 9a       	sbi	0x04, 2	; 4
	SPCR = 0;
    7972:	1c bc       	out	0x2c, r1	; 44
	SPCR = (mode & 0x7F) | (1 << SPE) | (1 << MSTR);
    7974:	80 e5       	ldi	r24, 0x50	; 80
    7976:	8c bd       	out	0x2c, r24	; 44
	SPSR = 1 << SPI2X; /* double speed */
    7978:	11 e0       	ldi	r17, 0x01	; 1
    797a:	1d bd       	out	0x2d, r17	; 45
	(void) SPSR;
    797c:	8d b5       	in	r24, 0x2d	; 45
	(void) SPDR;
    797e:	8e b5       	in	r24, 0x2e	; 46
#define CONFIG_VAL ((1 << MASK_RX_DR) | (1 << MASK_TX_DS) | \
		(1 << MASK_MAX_RT) | (1 << CRCO) | (1 << EN_CRC))

static int nrf24_init(void) {
	/* CE and CSN are outputs */
	CE_DDR |= CE_PIN;
    7980:	21 9a       	sbi	0x04, 1	; 4
	CSN_DDR |= CSN_PIN;
    7982:	22 9a       	sbi	0x04, 2	; 4
	/***************************************/
	DDRD = DDRD | 0B10000000;//set up pin 7 as output without touching other pins FOR DEBUG
    7984:	57 9a       	sbi	0x0a, 7	; 10
		my_delay(0.2);
    7986:	80 e9       	ldi	r24, 0x90	; 144
    7988:	91 e0       	ldi	r25, 0x01	; 1
    798a:	36 d1       	rcall	.+620    	; 0x7bf8 <delay8>
		CE_PORT &= ~CE_PIN;
    798c:	29 98       	cbi	0x05, 1	; 5
	if (level)
    798e:	40 d1       	rcall	.+640    	; 0x7c10 <nrf24_csn.part.0>
	my_delay(5);
    7990:	80 e1       	ldi	r24, 0x10	; 16
    7992:	97 e2       	ldi	r25, 0x27	; 39
    7994:	31 d1       	rcall	.+610    	; 0x7bf8 <delay8>
	nrf24_ce(0);
	nrf24_csn(1);
	nrf24_delay();

	/* 2ms interval, 15 retries (16 total) */
	nrf24_write_reg(SETUP_RETR, 0x7f);
    7996:	6f e7       	ldi	r22, 0x7F	; 127
    7998:	84 e0       	ldi	r24, 0x04	; 4
    799a:	51 d1       	rcall	.+674    	; 0x7c3e <nrf24_write_reg>
	nrf24_csn(0);
    799c:	3b d1       	rcall	.+630    	; 0x7c14 <nrf24_csn.constprop.8>
	spi_transfer(addr | R_REGISTER);
    799e:	84 e0       	ldi	r24, 0x04	; 4
    79a0:	21 d1       	rcall	.+578    	; 0x7be4 <spi_transfer>
    79a2:	80 e0       	ldi	r24, 0x00	; 0
	ret = spi_transfer(0);
    79a4:	1f d1       	rcall	.+574    	; 0x7be4 <spi_transfer>
    79a6:	08 2f       	mov	r16, r24
    79a8:	33 d1       	rcall	.+614    	; 0x7c10 <nrf24_csn.part.0>
	if (level)
    79aa:	0f 37       	cpi	r16, 0x7F	; 127
	if (nrf24_read_reg(SETUP_RETR) != 0x7f)
    79ac:	11 f5       	brne	.+68     	; 0x79f2 <clchk+0xba>
		return 1; /* There may be no nRF24 connected */

	/* Maximum Tx power, 250kbps data rate */
	nrf24_write_reg(RF_SETUP, (1 << RF_PWR_LOW) | (1 << RF_PWR_HIGH) |
    79ae:	66 e2       	ldi	r22, 0x26	; 38
    79b0:	86 e0       	ldi	r24, 0x06	; 6
    79b2:	45 d1       	rcall	.+650    	; 0x7c3e <nrf24_write_reg>
			(1 << RF_DR_LOW));
	/* Dynamic payload length for TX & RX (pipes 0 and 1) */
	nrf24_write_reg(DYNPD, 0x03);
    79b4:	63 e0       	ldi	r22, 0x03	; 3
    79b6:	8c e1       	ldi	r24, 0x1C	; 28
    79b8:	42 d1       	rcall	.+644    	; 0x7c3e <nrf24_write_reg>
	nrf24_write_reg(FEATURE, 1 << EN_DPL);
    79ba:	64 e0       	ldi	r22, 0x04	; 4
    79bc:	8d e1       	ldi	r24, 0x1D	; 29
    79be:	3f d1       	rcall	.+638    	; 0x7c3e <nrf24_write_reg>
	/* Reset status bits */
	nrf24_write_reg(STATUS, (1 << RX_DR) | (1 << TX_DS) | (1 << MAX_RT));
    79c0:	60 e7       	ldi	r22, 0x70	; 112
    79c2:	87 e0       	ldi	r24, 0x07	; 7
    79c4:	3c d1       	rcall	.+632    	; 0x7c3e <nrf24_write_reg>
    79c6:	6a e2       	ldi	r22, 0x2A	; 42
	/* Set some RF channel number */
	nrf24_write_reg(RF_CH, 42);
    79c8:	85 e0       	ldi	r24, 0x05	; 5
    79ca:	39 d1       	rcall	.+626    	; 0x7c3e <nrf24_write_reg>
    79cc:	61 e0       	ldi	r22, 0x01	; 1
    79ce:	83 e0       	ldi	r24, 0x03	; 3
	/* 3-byte addresses */
	nrf24_write_reg(SETUP_AW, 0x01);
    79d0:	36 d1       	rcall	.+620    	; 0x7c3e <nrf24_write_reg>
    79d2:	63 e0       	ldi	r22, 0x03	; 3
    79d4:	81 e0       	ldi	r24, 0x01	; 1
	/* Enable ACKing on both pipe 0 & 1 for TX & RX ACK support */
	nrf24_write_reg(EN_AA, 0x03);
    79d6:	33 d1       	rcall	.+614    	; 0x7c3e <nrf24_write_reg>
    79d8:	10 93 46 01 	sts	0x0146, r17	; 0x800146 <radio_present>
  spi_init();

  if (nrf24_init())
    return;

  radio_present = 1;
    79dc:	80 e3       	ldi	r24, 0x30	; 48
    79de:	89 83       	std	Y+1, r24	; 0x01
   * Set our own address.
   *
   * The remote end's address will be set according to the contents
   * of the first packet we receive from the master.
   */
  addr[0] = 48;//eeprom_read(0);
    79e0:	8a 83       	std	Y+2, r24	; 0x02
    79e2:	86 e3       	ldi	r24, 0x36	; 54
  addr[1] = 48;//eeprom_read(1);
    79e4:	8b 83       	std	Y+3, r24	; 0x03
  addr[2] = 54;//eeprom_read(2);
    79e6:	be 01       	movw	r22, r28
    79e8:	6f 5f       	subi	r22, 0xFF	; 255

	return 0;
}

static void nrf24_set_rx_addr(uint8_t addr[3]) {
	nrf24_write_addr_reg(RX_ADDR_P1, addr);
    79ea:	7f 4f       	sbci	r23, 0xFF	; 255
    79ec:	8b e0       	ldi	r24, 0x0B	; 11
    79ee:	14 d1       	rcall	.+552    	; 0x7c18 <nrf24_write_addr_reg>
    79f0:	33 d1       	rcall	.+614    	; 0x7c58 <nrf24_rx_mode>
    79f2:	88 e1       	ldi	r24, 0x18	; 24
    79f4:	80 93 60 00 	sts	0x0060, r24	; 0x800060 <__TEXT_REGION_LENGTH__+0x7e0060>
  nrf24_set_rx_addr(addr);

  nrf24_rx_mode();
    79f8:	8e e0       	ldi	r24, 0x0E	; 14
      "wdr\n");
}

void watchdogConfig(uint8_t x)
{
  WDTCSR = _BV(WDCE) | _BV(WDE);
    79fa:	80 93 60 00 	sts	0x0060, r24	; 0x800060 <__TEXT_REGION_LENGTH__+0x7e0060>
    79fe:	25 9a       	sbi	0x04, 5	; 4
  WDTCSR = x;
    7a00:	84 e1       	ldi	r24, 0x14	; 20
    7a02:	20 e3       	ldi	r18, 0x30	; 48
    7a04:	3c ef       	ldi	r19, 0xFC	; 252
  LED_DDR |= _BV(LED);
    7a06:	91 e0       	ldi	r25, 0x01	; 1
    7a08:	30 93 85 00 	sts	0x0085, r19	; 0x800085 <__TEXT_REGION_LENGTH__+0x7e0085>
    TCNT1 = -(F_CPU / (1024 * 16));
    7a0c:	20 93 84 00 	sts	0x0084, r18	; 0x800084 <__TEXT_REGION_LENGTH__+0x7e0084>
    7a10:	96 bb       	out	0x16, r25	; 22
    7a12:	b0 9b       	sbis	0x16, 0	; 22
    7a14:	fe cf       	rjmp	.-4      	; 0x7a12 <clchk+0xda>
    7a16:	1d 9a       	sbi	0x03, 5	; 3
    TIFR1 = _BV(TOV1);
    7a18:	a8 95       	wdr
    while (!(TIFR1 & _BV(TOV1)))
    7a1a:	81 50       	subi	r24, 0x01	; 1
    7a1c:	a9 f7       	brne	.-22     	; 0x7a08 <clchk+0xd0>
  __asm__ __volatile__(
    7a1e:	10 e0       	ldi	r17, 0x00	; 0
    7a20:	00 e0       	ldi	r16, 0x00	; 0
  register uint16_t address = 0;
    7a22:	48 e1       	ldi	r20, 0x18	; 24
  WDTCSR = _BV(WDCE) | _BV(WDE);
    7a24:	a4 2e       	mov	r10, r20
    7a26:	58 e0       	ldi	r21, 0x08	; 8
  WDTCSR = x;
    7a28:	95 2e       	mov	r9, r21
    7a2a:	88 24       	eor	r8, r8
          __boot_page_fill_short((uint16_t)(void *)addrPtr, a);
    7a2c:	83 94       	inc	r8
    7a2e:	65 e0       	ldi	r22, 0x05	; 5
        __boot_page_write_short((uint16_t)(void *)address);
    7a30:	76 2e       	mov	r7, r22
    7a32:	71 e1       	ldi	r23, 0x11	; 17
        boot_rww_enable();
    7a34:	67 2e       	mov	r6, r23
          __boot_page_erase_short((uint16_t)(void *)address);
    7a36:	e3 e0       	ldi	r30, 0x03	; 3
    ch = getch();
    7a38:	be 2e       	mov	r11, r30
    7a3a:	b0 d1       	rcall	.+864    	; 0x7d9c <getch>
    if (ch == STK_GET_PARAMETER)
    7a3c:	81 34       	cpi	r24, 0x41	; 65
    7a3e:	91 f4       	brne	.+36     	; 0x7a64 <clchk+0x12c>
      unsigned char which = getch();
    7a40:	ad d1       	rcall	.+858    	; 0x7d9c <getch>
    7a42:	f8 2e       	mov	r15, r24
      verifySpace();
    7a44:	4d d2       	rcall	.+1178   	; 0x7ee0 <verifySpace>
    7a46:	22 e8       	ldi	r18, 0x82	; 130
      if (which == 0x82)
    7a48:	f2 12       	cpse	r15, r18
    7a4a:	02 c0       	rjmp	.+4      	; 0x7a50 <clchk+0x118>
    7a4c:	80 e0       	ldi	r24, 0x00	; 0
      putch(0x00);
    7a4e:	04 c0       	rjmp	.+8      	; 0x7a58 <clchk+0x120>
    7a50:	81 e8       	ldi	r24, 0x81	; 129
      else if (which == 0x81)
    7a52:	f8 12       	cpse	r15, r24
    7a54:	05 c0       	rjmp	.+10     	; 0x7a60 <clchk+0x128>
        putch(0x03);
    7a56:	85 e0       	ldi	r24, 0x05	; 5
    7a58:	10 d1       	rcall	.+544    	; 0x7c7a <putch>
    putch(STK_OK);
    7a5a:	80 e1       	ldi	r24, 0x10	; 16
    7a5c:	0e d1       	rcall	.+540    	; 0x7c7a <putch>
    ch = getch();
    7a5e:	ed cf       	rjmp	.-38     	; 0x7a3a <clchk+0x102>
        putch(0x03);
    7a60:	83 e0       	ldi	r24, 0x03	; 3
    7a62:	fa cf       	rjmp	.-12     	; 0x7a58 <clchk+0x120>
    else if (ch == STK_SET_DEVICE)
    7a64:	82 34       	cpi	r24, 0x42	; 66
      getNch(20);
    7a66:	19 f4       	brne	.+6      	; 0x7a6e <clchk+0x136>
      getNch(5);
    7a68:	84 e1       	ldi	r24, 0x14	; 20
    7a6a:	40 d2       	rcall	.+1152   	; 0x7eec <getNch>
    else if (ch == STK_SET_DEVICE_EXT)
    7a6c:	f6 cf       	rjmp	.-20     	; 0x7a5a <clchk+0x122>
      getNch(5);
    7a6e:	85 34       	cpi	r24, 0x45	; 69
    else if (ch == STK_LOAD_ADDRESS)
    7a70:	11 f4       	brne	.+4      	; 0x7a76 <clchk+0x13e>
    7a72:	85 e0       	ldi	r24, 0x05	; 5
      newAddress = getch();
    7a74:	fa cf       	rjmp	.-12     	; 0x7a6a <clchk+0x132>
    7a76:	85 35       	cpi	r24, 0x55	; 85
    7a78:	49 f4       	brne	.+18     	; 0x7a8c <clchk+0x154>
    7a7a:	90 d1       	rcall	.+800    	; 0x7d9c <getch>
      newAddress |= getch() << 8;
    7a7c:	08 2f       	mov	r16, r24
    7a7e:	10 e0       	ldi	r17, 0x00	; 0
    7a80:	8d d1       	rcall	.+794    	; 0x7d9c <getch>
      newAddress <<= 1; // Convert from word address to byte address
    7a82:	18 2b       	or	r17, r24
    7a84:	00 0f       	add	r16, r16
      verifySpace();
    7a86:	11 1f       	adc	r17, r17
    7a88:	2b d2       	rcall	.+1110   	; 0x7ee0 <verifySpace>
    7a8a:	e7 cf       	rjmp	.-50     	; 0x7a5a <clchk+0x122>
    else if (ch == STK_UNIVERSAL)
    7a8c:	86 35       	cpi	r24, 0x56	; 86
    7a8e:	19 f4       	brne	.+6      	; 0x7a96 <clchk+0x15e>
      getNch(4);
    7a90:	84 e0       	ldi	r24, 0x04	; 4
    7a92:	2c d2       	rcall	.+1112   	; 0x7eec <getNch>
    7a94:	db cf       	rjmp	.-74     	; 0x7a4c <clchk+0x114>
    else if (ch == STK_PROG_PAGE)
    7a96:	84 36       	cpi	r24, 0x64	; 100
    7a98:	09 f0       	breq	.+2      	; 0x7a9c <clchk+0x164>
    7a9a:	67 c0       	rjmp	.+206    	; 0x7b6a <clchk+0x232>
      getch(); /* getlen() */
    7a9c:	7f d1       	rcall	.+766    	; 0x7d9c <getch>
    7a9e:	7e d1       	rcall	.+764    	; 0x7d9c <getch>
      length = getch();
    7aa0:	e8 2e       	mov	r14, r24
    7aa2:	7c d1       	rcall	.+760    	; 0x7d9c <getch>
    7aa4:	58 2e       	mov	r5, r24
      type = getch();
    7aa6:	e6 e4       	ldi	r30, 0x46	; 70
    7aa8:	8e 13       	cpse	r24, r30
    7aaa:	07 c0       	rjmp	.+14     	; 0x7aba <clchk+0x182>
      if (type == 'F') /* Flash */
    7aac:	01 15       	cp	r16, r1
    7aae:	f0 e7       	ldi	r31, 0x70	; 112
    7ab0:	1f 07       	cpc	r17, r31
        if (address < NRWWSTART)
    7ab2:	18 f4       	brcc	.+6      	; 0x7aba <clchk+0x182>
    7ab4:	f8 01       	movw	r30, r16
    7ab6:	b7 be       	out	0x37, r11	; 55
          __boot_page_erase_short((uint16_t)(void *)address);
    7ab8:	e8 95       	spm
    7aba:	80 e8       	ldi	r24, 0x80	; 128
    7abc:	91 e0       	ldi	r25, 0x01	; 1
    7abe:	20 e8       	ldi	r18, 0x80	; 128
    7ac0:	f2 2e       	mov	r15, r18
      while (--length);
    7ac2:	fe 0c       	add	r15, r14
    7ac4:	6c 01       	movw	r12, r24
    7ac6:	6a d1       	rcall	.+724    	; 0x7d9c <getch>
        *bufPtr++ = getch();
    7ac8:	f6 01       	movw	r30, r12
    7aca:	81 93       	st	Z+, r24
    7acc:	cf 01       	movw	r24, r30
    7ace:	fe 12       	cpse	r15, r30
    7ad0:	f9 cf       	rjmp	.-14     	; 0x7ac4 <clchk+0x18c>
    7ad2:	ea 94       	dec	r14
      while (--length);
    7ad4:	f1 2c       	mov	r15, r1
    7ad6:	f6 e4       	ldi	r31, 0x46	; 70
    7ad8:	5f 12       	cpse	r5, r31
    7ada:	28 c0       	rjmp	.+80     	; 0x7b2c <clchk+0x1f4>
      if (type == 'F')
    7adc:	01 15       	cp	r16, r1
    7ade:	20 e7       	ldi	r18, 0x70	; 112
    7ae0:	12 07       	cpc	r17, r18
        if (address >= NRWWSTART)
    7ae2:	18 f0       	brcs	.+6      	; 0x7aea <clchk+0x1b2>
    7ae4:	f8 01       	movw	r30, r16
    7ae6:	b7 be       	out	0x37, r11	; 55
    7ae8:	e8 95       	spm
          __boot_page_erase_short((uint16_t)(void *)address);
    7aea:	fa d1       	rcall	.+1012   	; 0x7ee0 <verifySpace>
    7aec:	07 b6       	in	r0, 0x37	; 55
    7aee:	00 fc       	sbrc	r0, 0
        verifySpace();
    7af0:	fd cf       	rjmp	.-6      	; 0x7aec <clchk+0x1b4>
    7af2:	f8 01       	movw	r30, r16
        boot_spm_busy_wait();
    7af4:	a0 e8       	ldi	r26, 0x80	; 128
    7af6:	b1 e0       	ldi	r27, 0x01	; 1
    7af8:	8c 91       	ld	r24, X
        bufPtr = buff;
    7afa:	9d 01       	movw	r18, r26
    7afc:	2e 5f       	subi	r18, 0xFE	; 254
          a = *bufPtr++;
    7afe:	3f 4f       	sbci	r19, 0xFF	; 255
          a |= (*bufPtr++) << 8;
    7b00:	11 96       	adiw	r26, 0x01	; 1
    7b02:	9c 91       	ld	r25, X
    7b04:	11 97       	sbiw	r26, 0x01	; 1
    7b06:	0c 01       	movw	r0, r24
    7b08:	87 be       	out	0x37, r8	; 55
    7b0a:	e8 95       	spm
          __boot_page_fill_short((uint16_t)(void *)addrPtr, a);
    7b0c:	11 24       	eor	r1, r1
    7b0e:	32 96       	adiw	r30, 0x02	; 2
    7b10:	ae 3f       	cpi	r26, 0xFE	; 254
    7b12:	b1 40       	sbci	r27, 0x01	; 1
          addrPtr += 2;
    7b14:	49 f4       	brne	.+18     	; 0x7b28 <clchk+0x1f0>
        } while (--ch);
    7b16:	f8 01       	movw	r30, r16
    7b18:	77 be       	out	0x37, r7	; 55
    7b1a:	e8 95       	spm
        __boot_page_write_short((uint16_t)(void *)address);
    7b1c:	07 b6       	in	r0, 0x37	; 55
    7b1e:	00 fc       	sbrc	r0, 0
    7b20:	fd cf       	rjmp	.-6      	; 0x7b1c <clchk+0x1e4>
        boot_spm_busy_wait();
    7b22:	67 be       	out	0x37, r6	; 55
    7b24:	e8 95       	spm
    7b26:	99 cf       	rjmp	.-206    	; 0x7a5a <clchk+0x122>
        boot_rww_enable();
    7b28:	d9 01       	movw	r26, r18
    7b2a:	e6 cf       	rjmp	.-52     	; 0x7af8 <clchk+0x1c0>
    7b2c:	f5 e4       	ldi	r31, 0x45	; 69
    7b2e:	5f 12       	cpse	r5, r31
    7b30:	94 cf       	rjmp	.-216    	; 0x7a5a <clchk+0x122>
      else if (type == 'E')
    7b32:	d6 d1       	rcall	.+940    	; 0x7ee0 <verifySpace>
        verifySpace();
    7b34:	2f ef       	ldi	r18, 0xFF	; 255
        length = bufPtr - buff;
    7b36:	e2 1a       	sub	r14, r18
    7b38:	f2 0a       	sbc	r15, r18
    7b3a:	ff 24       	eor	r15, r15
        while (length--)
    7b3c:	90 e0       	ldi	r25, 0x00	; 0
    7b3e:	80 e0       	ldi	r24, 0x00	; 0
    7b40:	fc 01       	movw	r30, r24
    7b42:	e0 58       	subi	r30, 0x80	; 128
    7b44:	fe 4f       	sbci	r31, 0xFE	; 254
    7b46:	98 01       	movw	r18, r16
    7b48:	28 0f       	add	r18, r24
    7b4a:	39 1f       	adc	r19, r25
    7b4c:	8e 15       	cp	r24, r14
    7b4e:	9f 05       	cpc	r25, r15
    7b50:	09 f4       	brne	.+2      	; 0x7b54 <clchk+0x21c>
  __asm__ __volatile__(
    7b52:	83 cf       	rjmp	.-250    	; 0x7a5a <clchk+0x122>
          eeprom_write(addrPtr++, *bufPtr++);
    7b54:	a8 95       	wdr
  while (!eeprom_is_ready())
    7b56:	40 81       	ld	r20, Z
    7b58:	f9 99       	sbic	0x1f, 1	; 31
  EEAR = addr;
    7b5a:	fe cf       	rjmp	.-4      	; 0x7b58 <clchk+0x220>
    7b5c:	32 bd       	out	0x22, r19	; 34
  EEDR = val;
    7b5e:	21 bd       	out	0x21, r18	; 33
  EECR |= 1 << EEMPE; /* Write logical one to EEMPE */
    7b60:	40 bd       	out	0x20, r20	; 32
  EECR |= 1 << EEPE;  /* Start eeprom write by setting EEPE */
    7b62:	fa 9a       	sbi	0x1f, 2	; 31
    7b64:	f9 9a       	sbi	0x1f, 1	; 31
    7b66:	01 96       	adiw	r24, 0x01	; 1
    else if (ch == STK_READ_PAGE)
    7b68:	eb cf       	rjmp	.-42     	; 0x7b40 <clchk+0x208>
      getch(); /* getlen() */
    7b6a:	84 37       	cpi	r24, 0x74	; 116
    7b6c:	51 f5       	brne	.+84     	; 0x7bc2 <clchk+0x28a>
      length = getch();
    7b6e:	16 d1       	rcall	.+556    	; 0x7d9c <getch>
    7b70:	15 d1       	rcall	.+554    	; 0x7d9c <getch>
    7b72:	d8 2e       	mov	r13, r24
      type = getch();
    7b74:	13 d1       	rcall	.+550    	; 0x7d9c <getch>
    7b76:	f8 2e       	mov	r15, r24
    7b78:	b3 d1       	rcall	.+870    	; 0x7ee0 <verifySpace>
      verifySpace();
    7b7a:	86 e4       	ldi	r24, 0x46	; 70
    7b7c:	f8 12       	cpse	r15, r24
      if (type == 'F')
    7b7e:	08 c0       	rjmp	.+16     	; 0x7b90 <clchk+0x258>
    7b80:	f8 01       	movw	r30, r16
        __asm__("lpm %0,Z+\n"
    7b82:	85 91       	lpm	r24, Z+
    7b84:	8f 01       	movw	r16, r30
          putch(ch);
    7b86:	79 d0       	rcall	.+242    	; 0x7c7a <putch>
    7b88:	da 94       	dec	r13
        } while (--length);
    7b8a:	d1 10       	cpse	r13, r1
    7b8c:	f9 cf       	rjmp	.-14     	; 0x7b80 <clchk+0x248>
    7b8e:	65 cf       	rjmp	.-310    	; 0x7a5a <clchk+0x122>
    7b90:	e5 e4       	ldi	r30, 0x45	; 69
      else if (type == 'E')
    7b92:	fe 12       	cpse	r15, r30
    7b94:	62 cf       	rjmp	.-316    	; 0x7a5a <clchk+0x122>
    7b96:	cd 2c       	mov	r12, r13
      length = getch();
    7b98:	c8 01       	movw	r24, r16
    7b9a:	0c c0       	rjmp	.+24     	; 0x7bb4 <clchk+0x27c>
    7b9c:	7c 01       	movw	r14, r24
          putch(eeprom_read(address++));
    7b9e:	ff ef       	ldi	r31, 0xFF	; 255
    7ba0:	ef 1a       	sub	r14, r31
    7ba2:	ff 0a       	sbc	r15, r31
    7ba4:	f9 99       	sbic	0x1f, 1	; 31
  while (!eeprom_is_ready())
    7ba6:	fe cf       	rjmp	.-4      	; 0x7ba4 <clchk+0x26c>
    7ba8:	92 bd       	out	0x22, r25	; 34
  EEAR = addr;
    7baa:	81 bd       	out	0x21, r24	; 33
    7bac:	f8 9a       	sbi	0x1f, 0	; 31
  EECR |= 1 << EERE; /* Start eeprom read by writing EERE */
    7bae:	80 b5       	in	r24, 0x20	; 32
  return EEDR;
    7bb0:	64 d0       	rcall	.+200    	; 0x7c7a <putch>
          putch(eeprom_read(address++));
    7bb2:	c7 01       	movw	r24, r14
    7bb4:	ca 94       	dec	r12
    7bb6:	2f ef       	ldi	r18, 0xFF	; 255
        while (length--)
    7bb8:	c2 12       	cpse	r12, r18
    7bba:	f0 cf       	rjmp	.-32     	; 0x7b9c <clchk+0x264>
    7bbc:	0d 0d       	add	r16, r13
    7bbe:	11 1d       	adc	r17, r1
    7bc0:	4c cf       	rjmp	.-360    	; 0x7a5a <clchk+0x122>
    7bc2:	85 37       	cpi	r24, 0x75	; 117
    7bc4:	39 f4       	brne	.+14     	; 0x7bd4 <clchk+0x29c>
    else if (ch == STK_READ_SIGN)
    7bc6:	8c d1       	rcall	.+792    	; 0x7ee0 <verifySpace>
    7bc8:	8e e1       	ldi	r24, 0x1E	; 30
      verifySpace();
    7bca:	57 d0       	rcall	.+174    	; 0x7c7a <putch>
    7bcc:	85 e9       	ldi	r24, 0x95	; 149
      putch(SIGNATURE_0);
    7bce:	55 d0       	rcall	.+170    	; 0x7c7a <putch>
    7bd0:	8f e0       	ldi	r24, 0x0F	; 15
    7bd2:	42 cf       	rjmp	.-380    	; 0x7a58 <clchk+0x120>
      putch(SIGNATURE_1);
    7bd4:	81 35       	cpi	r24, 0x51	; 81
    7bd6:	09 f0       	breq	.+2      	; 0x7bda <clchk+0x2a2>
    7bd8:	57 cf       	rjmp	.-338    	; 0x7a88 <clchk+0x150>
      putch(SIGNATURE_2);
    7bda:	a0 92 60 00 	sts	0x0060, r10	; 0x800060 <__TEXT_REGION_LENGTH__+0x7e0060>
    else if (ch == STK_LEAVE_PROGMODE)
    7bde:	90 92 60 00 	sts	0x0060, r9	; 0x800060 <__TEXT_REGION_LENGTH__+0x7e0060>
    7be2:	52 cf       	rjmp	.-348    	; 0x7a88 <clchk+0x150>

00007be4 <spi_transfer>:
  WDTCSR = _BV(WDCE) | _BV(WDE);
    7be4:	8e bd       	out	0x2e, r24	; 46
    7be6:	8f ef       	ldi	r24, 0xFF	; 255
  WDTCSR = x;
    7be8:	81 50       	subi	r24, 0x01	; 1
    7bea:	0d b4       	in	r0, 0x2d	; 45
      verifySpace();
    7bec:	07 fc       	sbrc	r0, 7
}

static uint8_t spi_transfer(uint8_t value) {
	uint8_t cnt = 0xff;
	SPDR = value;
	while (cnt -- && !(SPSR & (1 << SPIF)));
    7bee:	02 c0       	rjmp	.+4      	; 0x7bf4 <spi_transfer+0x10>
    7bf0:	81 11       	cpse	r24, r1
    7bf2:	fa cf       	rjmp	.-12     	; 0x7be8 <spi_transfer+0x4>
	return SPDR;
    7bf4:	8e b5       	in	r24, 0x2e	; 46
}
    7bf6:	08 95       	ret

00007bf8 <delay8>:
	while (count --)
    7bf8:	01 97       	sbiw	r24, 0x01	; 1
    7bfa:	08 f4       	brcc	.+2      	; 0x7bfe <delay8+0x6>
}
    7bfc:	08 95       	ret
	...
		__asm__ __volatile__ (
    7c0a:	00 00       	nop
    7c0c:	a8 95       	wdr
    7c0e:	f4 cf       	rjmp	.-24     	; 0x7bf8 <delay8>

00007c10 <nrf24_csn.part.0>:
		CSN_PORT |= CSN_PIN;
    7c10:	2a 9a       	sbi	0x05, 2	; 5
}
    7c12:	08 95       	ret

00007c14 <nrf24_csn.constprop.8>:
		CSN_PORT &= ~CSN_PIN;
    7c14:	2a 98       	cbi	0x05, 2	; 5
}
    7c16:	08 95       	ret

00007c18 <nrf24_write_addr_reg>:
static void nrf24_write_addr_reg(uint8_t addr, uint8_t value[3]) {
    7c18:	1f 93       	push	r17
    7c1a:	cf 93       	push	r28
    7c1c:	df 93       	push	r29
    7c1e:	18 2f       	mov	r17, r24
    7c20:	eb 01       	movw	r28, r22
	nrf24_csn(0);
    7c22:	f8 df       	rcall	.-16     	; 0x7c14 <nrf24_csn.constprop.8>
	spi_transfer(addr | W_REGISTER);
    7c24:	81 2f       	mov	r24, r17
    7c26:	80 62       	ori	r24, 0x20	; 32
    7c28:	dd df       	rcall	.-70     	; 0x7be4 <spi_transfer>
	spi_transfer(value[0]);
    7c2a:	88 81       	ld	r24, Y
    7c2c:	db df       	rcall	.-74     	; 0x7be4 <spi_transfer>
	spi_transfer(value[1]);
    7c2e:	89 81       	ldd	r24, Y+1	; 0x01
    7c30:	d9 df       	rcall	.-78     	; 0x7be4 <spi_transfer>
	spi_transfer(value[2]);
    7c32:	8a 81       	ldd	r24, Y+2	; 0x02
    7c34:	d7 df       	rcall	.-82     	; 0x7be4 <spi_transfer>
}
    7c36:	df 91       	pop	r29
    7c38:	cf 91       	pop	r28
    7c3a:	1f 91       	pop	r17
    7c3c:	e9 cf       	rjmp	.-46     	; 0x7c10 <nrf24_csn.part.0>

00007c3e <nrf24_write_reg>:
static void nrf24_write_reg(uint8_t addr, uint8_t value) {
    7c3e:	cf 93       	push	r28
    7c40:	df 93       	push	r29
    7c42:	d8 2f       	mov	r29, r24
	nrf24_csn(0);
    7c44:	c6 2f       	mov	r28, r22
    7c46:	e6 df       	rcall	.-52     	; 0x7c14 <nrf24_csn.constprop.8>
	spi_transfer(addr | W_REGISTER);
    7c48:	8d 2f       	mov	r24, r29
    7c4a:	80 62       	ori	r24, 0x20	; 32
    7c4c:	cb df       	rcall	.-106    	; 0x7be4 <spi_transfer>
	spi_transfer(value);
    7c4e:	8c 2f       	mov	r24, r28
    7c50:	c9 df       	rcall	.-110    	; 0x7be4 <spi_transfer>
}
    7c52:	df 91       	pop	r29
    7c54:	cf 91       	pop	r28
    7c56:	dc cf       	rjmp	.-72     	; 0x7c10 <nrf24_csn.part.0>

00007c58 <nrf24_rx_mode>:
}

static uint8_t nrf24_in_rx = 0;

static void nrf24_rx_mode(void) {
	if (nrf24_in_rx)
    7c58:	80 91 45 01 	lds	r24, 0x0145	; 0x800145 <nrf24_in_rx>
    7c5c:	81 11       	cpse	r24, r1
		return;

	/* Rx mode */
	nrf24_write_reg(CONFIG, CONFIG_VAL | (1 << PWR_UP) | (1 << PRIM_RX));
    7c5e:	0c c0       	rjmp	.+24     	; 0x7c78 <nrf24_rx_mode+0x20>
    7c60:	6f e7       	ldi	r22, 0x7F	; 127
    7c62:	ed df       	rcall	.-38     	; 0x7c3e <nrf24_write_reg>
	/* Only use data pipe 1 for receiving, pipe 0 is for TX ACKs */
	nrf24_write_reg(EN_RXADDR, 0x02);
    7c64:	62 e0       	ldi	r22, 0x02	; 2
    7c66:	82 e0       	ldi	r24, 0x02	; 2
    7c68:	ea df       	rcall	.-44     	; 0x7c3e <nrf24_write_reg>
    7c6a:	84 e1       	ldi	r24, 0x14	; 20
		my_delay(0.01);
    7c6c:	90 e0       	ldi	r25, 0x00	; 0
    7c6e:	c4 df       	rcall	.-120    	; 0x7bf8 <delay8>
    7c70:	29 9a       	sbi	0x05, 1	; 5
    7c72:	81 e0       	ldi	r24, 0x01	; 1
		CE_PORT |= CE_PIN;
    7c74:	80 93 45 01 	sts	0x0145, r24	; 0x800145 <nrf24_in_rx>

	nrf24_ce(1);

	nrf24_in_rx = 1;
    7c78:	08 95       	ret

00007c7a <putch>:
    7c7a:	df 92       	push	r13
}
    7c7c:	ef 92       	push	r14
{
    7c7e:	ff 92       	push	r15
    7c80:	0f 93       	push	r16
    7c82:	1f 93       	push	r17
    7c84:	cf 93       	push	r28
    7c86:	df 93       	push	r29
    7c88:	90 91 47 01 	lds	r25, 0x0147	; 0x800147 <radio_mode>
  if (radio_mode)
    7c8c:	99 23       	and	r25, r25
    7c8e:	09 f4       	brne	.+2      	; 0x7c92 <putch+0x18>
    7c90:	7e c0       	rjmp	.+252    	; 0x7d8e <putch+0x114>
    7c92:	e0 91 44 01 	lds	r30, 0x0144	; 0x800144 <pkt_len.1923>
    pkt_buf[pkt_len++] = ch;
    7c96:	91 e0       	ldi	r25, 0x01	; 1
    7c98:	9e 0f       	add	r25, r30
    7c9a:	90 93 44 01 	sts	0x0144, r25	; 0x800144 <pkt_len.1923>
    7c9e:	f0 e0       	ldi	r31, 0x00	; 0
    7ca0:	ec 5d       	subi	r30, 0xDC	; 220
    7ca2:	fe 4f       	sbci	r31, 0xFE	; 254
    7ca4:	80 83       	st	Z, r24
    7ca6:	80 31       	cpi	r24, 0x10	; 16
    7ca8:	21 f0       	breq	.+8      	; 0x7cb2 <putch+0x38>
    if (ch == STK_OK || pkt_len == pkt_max_len)
    7caa:	80 91 01 01 	lds	r24, 0x0101	; 0x800101 <pkt_max_len>
    7cae:	98 13       	cpse	r25, r24
    7cb0:	5a c0       	rjmp	.+180    	; 0x7d66 <putch+0xec>
    7cb2:	10 e8       	ldi	r17, 0x80	; 128
    7cb4:	dd 24       	eor	r13, r13
	 * in Rx which we'll switch back on when this Tx is done.
	 */
	if (nrf24_in_rx) {
		nrf24_idle_mode(1);

		nrf24_in_rx = 1;
    7cb6:	d3 94       	inc	r13
    7cb8:	11 50       	subi	r17, 0x01	; 1
    7cba:	09 f4       	brne	.+2      	; 0x7cbe <putch+0x44>
      while (--cnt)
    7cbc:	4c c0       	rjmp	.+152    	; 0x7d56 <putch+0xdc>
        my_delay(4);
    7cbe:	80 e4       	ldi	r24, 0x40	; 64
    7cc0:	9f e1       	ldi	r25, 0x1F	; 31
    7cc2:	9a df       	rcall	.-204    	; 0x7bf8 <delay8>
    7cc4:	00 91 44 01 	lds	r16, 0x0144	; 0x800144 <pkt_len.1923>
	if (nrf24_in_rx) {
    7cc8:	80 91 45 01 	lds	r24, 0x0145	; 0x800145 <nrf24_in_rx>
		my_delay(0.2);
    7ccc:	88 23       	and	r24, r24
    7cce:	31 f0       	breq	.+12     	; 0x7cdc <putch+0x62>
		nrf24_in_rx = 1;
    7cd0:	80 e9       	ldi	r24, 0x90	; 144
    7cd2:	91 e0       	ldi	r25, 0x01	; 1
	}

	/* Tx mode */
	nrf24_write_reg(CONFIG, CONFIG_VAL | (1 << PWR_UP));
    7cd4:	91 df       	rcall	.-222    	; 0x7bf8 <delay8>
    7cd6:	29 98       	cbi	0x05, 1	; 5
    7cd8:	d0 92 45 01 	sts	0x0145, r13	; 0x800145 <nrf24_in_rx>
	/* Use pipe 0 for receiving ACK packets */
	nrf24_write_reg(EN_RXADDR, 0x01);
    7cdc:	6e e7       	ldi	r22, 0x7E	; 126
    7cde:	80 e0       	ldi	r24, 0x00	; 0
	nrf24_csn(0);
    7ce0:	ae df       	rcall	.-164    	; 0x7c3e <nrf24_write_reg>
	ret = spi_transfer(FLUSH_TX);
    7ce2:	61 e0       	ldi	r22, 0x01	; 1
    7ce4:	82 e0       	ldi	r24, 0x02	; 2
	if (level)
    7ce6:	ab df       	rcall	.-170    	; 0x7c3e <nrf24_write_reg>
    7ce8:	95 df       	rcall	.-214    	; 0x7c14 <nrf24_csn.constprop.8>
	 * it picks up whatever the new payload is and again stops accepting
	 * new payloads for another while.
	 */
	nrf24_tx_flush();

	nrf24_csn(0);
    7cea:	81 ee       	ldi	r24, 0xE1	; 225

	spi_transfer(W_TX_PAYLOAD);
    7cec:	7b df       	rcall	.-266    	; 0x7be4 <spi_transfer>
    7cee:	90 df       	rcall	.-224    	; 0x7c10 <nrf24_csn.part.0>
    7cf0:	91 df       	rcall	.-222    	; 0x7c14 <nrf24_csn.constprop.8>
    7cf2:	80 ea       	ldi	r24, 0xA0	; 160
    7cf4:	77 df       	rcall	.-274    	; 0x7be4 <spi_transfer>
	while (len --)
    7cf6:	c4 e2       	ldi	r28, 0x24	; 36
    7cf8:	d1 e0       	ldi	r29, 0x01	; 1
    7cfa:	01 50       	subi	r16, 0x01	; 1
	if (level)
    7cfc:	08 f0       	brcs	.+2      	; 0x7d00 <putch+0x86>
    7cfe:	3b c0       	rjmp	.+118    	; 0x7d76 <putch+0xfc>
		my_delay(0.01);
    7d00:	87 df       	rcall	.-242    	; 0x7c10 <nrf24_csn.part.0>
    7d02:	84 e1       	ldi	r24, 0x14	; 20
    7d04:	90 e0       	ldi	r25, 0x00	; 0
    7d06:	78 df       	rcall	.-272    	; 0x7bf8 <delay8>
		CE_PORT |= CE_PIN;
    7d08:	29 9a       	sbi	0x05, 1	; 5
	nrf24_csn(0);
    7d0a:	84 df       	rcall	.-248    	; 0x7c14 <nrf24_csn.constprop.8>
    7d0c:	8f ef       	ldi	r24, 0xFF	; 255
	ret = spi_transfer(NOP);
    7d0e:	6a df       	rcall	.-300    	; 0x7be4 <spi_transfer>
    7d10:	c8 2f       	mov	r28, r24
    7d12:	7e df       	rcall	.-260    	; 0x7c10 <nrf24_csn.part.0>
	if (level)
    7d14:	80 e9       	ldi	r24, 0x90	; 144
    7d16:	91 e0       	ldi	r25, 0x01	; 1
		my_delay(0.2);
    7d18:	6f df       	rcall	.-290    	; 0x7bf8 <delay8>
    7d1a:	29 98       	cbi	0x05, 1	; 5
    7d1c:	80 e1       	ldi	r24, 0x10	; 16
		CE_PORT &= ~CE_PIN;
    7d1e:	e8 2e       	mov	r14, r24
    7d20:	87 e2       	ldi	r24, 0x27	; 39
    7d22:	f8 2e       	mov	r15, r24
    7d24:	dc 2f       	mov	r29, r28
    7d26:	d0 72       	andi	r29, 0x20	; 32
	status = nrf24_read_status();

	/* Reset CE early so that a new Tx or Rx op can start sooner. */
	nrf24_ce(0);

	while ((!(status & (1 << TX_DS)) || (status & (1 << TX_FULL))) &&
    7d28:	c5 ff       	sbrs	r28, 5
    7d2a:	02 c0       	rjmp	.+4      	; 0x7d30 <putch+0xb6>
    7d2c:	c0 ff       	sbrs	r28, 0
    7d2e:	06 c0       	rjmp	.+12     	; 0x7d3c <putch+0xc2>
    7d30:	c4 fd       	sbrc	r28, 4
    7d32:	04 c0       	rjmp	.+8      	; 0x7d3c <putch+0xc2>
    7d34:	81 e0       	ldi	r24, 0x01	; 1
    7d36:	e8 1a       	sub	r14, r24
    7d38:	f1 08       	sbc	r15, r1
    7d3a:	01 f5       	brne	.+64     	; 0x7d7c <putch+0x102>
    7d3c:	60 e3       	ldi	r22, 0x30	; 48
			!(status & (1 << MAX_RT)) && --count) {
    7d3e:	87 e0       	ldi	r24, 0x07	; 7
		delay8((int) (F_CPU / 8000L * 0.01));
		status = nrf24_read_status();
	}

	/* Reset status bits */
	nrf24_write_reg(STATUS, (1 << MAX_RT) | (1 << TX_DS));
    7d40:	7e df       	rcall	.-260    	; 0x7c3e <nrf24_write_reg>
    7d42:	80 91 45 01 	lds	r24, 0x0145	; 0x800145 <nrf24_in_rx>

	if (nrf24_in_rx) {
    7d46:	88 23       	and	r24, r24
    7d48:	19 f0       	breq	.+6      	; 0x7d50 <putch+0xd6>
    7d4a:	10 92 45 01 	sts	0x0145, r1	; 0x800145 <nrf24_in_rx>
		nrf24_in_rx = 0;

		nrf24_rx_mode();
    7d4e:	84 df       	rcall	.-248    	; 0x7c58 <nrf24_rx_mode>
	}

	return (status & (1 << TX_DS)) ? 0 : -1;
    7d50:	dd 23       	and	r29, r29
    7d52:	09 f4       	brne	.+2      	; 0x7d56 <putch+0xdc>
    7d54:	b1 cf       	rjmp	.-158    	; 0x7cb8 <putch+0x3e>
      pkt_len = 1;
    7d56:	81 e0       	ldi	r24, 0x01	; 1
    7d58:	80 93 44 01 	sts	0x0144, r24	; 0x800144 <pkt_len.1923>
      pkt_buf[0]++;
    7d5c:	80 91 24 01 	lds	r24, 0x0124	; 0x800124 <pkt_buf.1924>
    7d60:	8f 5f       	subi	r24, 0xFF	; 255
    7d62:	80 93 24 01 	sts	0x0124, r24	; 0x800124 <pkt_buf.1924>
}
    7d66:	df 91       	pop	r29
    7d68:	cf 91       	pop	r28
    7d6a:	1f 91       	pop	r17
    7d6c:	0f 91       	pop	r16
    7d6e:	ff 90       	pop	r15
    7d70:	ef 90       	pop	r14
    7d72:	df 90       	pop	r13
    7d74:	08 95       	ret
		spi_transfer(*buf ++);
    7d76:	89 91       	ld	r24, Y+
    7d78:	35 df       	rcall	.-406    	; 0x7be4 <spi_transfer>
    7d7a:	bf cf       	rjmp	.-130    	; 0x7cfa <putch+0x80>
    7d7c:	84 e1       	ldi	r24, 0x14	; 20
		delay8((int) (F_CPU / 8000L * 0.01));
    7d7e:	90 e0       	ldi	r25, 0x00	; 0
    7d80:	3b df       	rcall	.-394    	; 0x7bf8 <delay8>
    7d82:	48 df       	rcall	.-368    	; 0x7c14 <nrf24_csn.constprop.8>
    7d84:	8f ef       	ldi	r24, 0xFF	; 255
	nrf24_csn(0);
    7d86:	2e df       	rcall	.-420    	; 0x7be4 <spi_transfer>
    7d88:	c8 2f       	mov	r28, r24
	ret = spi_transfer(NOP);
    7d8a:	42 df       	rcall	.-380    	; 0x7c10 <nrf24_csn.part.0>
    7d8c:	cb cf       	rjmp	.-106    	; 0x7d24 <putch+0xaa>
    7d8e:	90 91 c0 00 	lds	r25, 0x00C0	; 0x8000c0 <__TEXT_REGION_LENGTH__+0x7e00c0>
	if (level)
    7d92:	95 ff       	sbrs	r25, 5
    7d94:	fc cf       	rjmp	.-8      	; 0x7d8e <putch+0x114>
	return ret;
    7d96:	80 93 c6 00 	sts	0x00C6, r24	; 0x8000c6 <__TEXT_REGION_LENGTH__+0x7e00c6>
  while (!(UART_SRA & _BV(UDRE0)))
    7d9a:	e5 cf       	rjmp	.-54     	; 0x7d66 <putch+0xec>

00007d9c <getch>:
    7d9c:	ff 92       	push	r15
    7d9e:	0f 93       	push	r16
  UART_UDR = ch;
    7da0:	1f 93       	push	r17
    7da2:	cf 93       	push	r28
    7da4:	df 93       	push	r29
{
    7da6:	01 e0       	ldi	r16, 0x01	; 1
    7da8:	85 e0       	ldi	r24, 0x05	; 5
    7daa:	f8 2e       	mov	r15, r24
    7dac:	80 91 46 01 	lds	r24, 0x0146	; 0x800146 <radio_present>
        pkt_start = START;
    7db0:	90 91 c0 00 	lds	r25, 0x00C0	; 0x8000c0 <__TEXT_REGION_LENGTH__+0x7e00c0>
          pkt_start += 4;
    7db4:	97 ff       	sbrs	r25, 7
    if (radio_present && (pkt_len || nrf24_rx_fifo_data()))
    7db6:	0d c0       	rjmp	.+26     	; 0x7dd2 <getch+0x36>
    7db8:	80 91 c0 00 	lds	r24, 0x00C0	; 0x8000c0 <__TEXT_REGION_LENGTH__+0x7e00c0>
    if (UART_SRA & _BV(RXC0))
    7dbc:	84 fd       	sbrc	r24, 4
    7dbe:	01 c0       	rjmp	.+2      	; 0x7dc2 <getch+0x26>
    7dc0:	a8 95       	wdr
      if (!(UART_SRA & _BV(FE0)))
    7dc2:	80 91 c6 00 	lds	r24, 0x00C6	; 0x8000c6 <__TEXT_REGION_LENGTH__+0x7e00c6>
    7dc6:	df 91       	pop	r29
    7dc8:	cf 91       	pop	r28
  __asm__ __volatile__(
    7dca:	1f 91       	pop	r17
      ch = UART_UDR;
    7dcc:	0f 91       	pop	r16
}
    7dce:	ff 90       	pop	r15
    7dd0:	08 95       	ret
    7dd2:	88 23       	and	r24, r24
    7dd4:	69 f3       	breq	.-38     	; 0x7db0 <getch+0x14>
    if (radio_present && (pkt_len || nrf24_rx_fifo_data()))
    7dd6:	80 91 23 01 	lds	r24, 0x0123	; 0x800123 <pkt_len.1936>
    7dda:	88 23       	and	r24, r24
    7ddc:	a9 f0       	breq	.+42     	; 0x7e08 <getch+0x6c>
    7dde:	a8 95       	wdr
  __asm__ __volatile__(
    7de0:	80 91 23 01 	lds	r24, 0x0123	; 0x800123 <pkt_len.1936>
      if (!pkt_len)
    7de4:	88 23       	and	r24, r24
      ch = pkt_buf[pkt_start++];
    7de6:	d1 f0       	breq	.+52     	; 0x7e1c <getch+0x80>
    7de8:	e0 91 02 01 	lds	r30, 0x0102	; 0x800102 <__data_end>
    7dec:	81 e0       	ldi	r24, 0x01	; 1
    7dee:	8e 0f       	add	r24, r30
    7df0:	80 93 02 01 	sts	0x0102, r24	; 0x800102 <__data_end>
    7df4:	f0 e0       	ldi	r31, 0x00	; 0
      pkt_len--;
    7df6:	ed 5f       	subi	r30, 0xFD	; 253
    7df8:	fe 4f       	sbci	r31, 0xFE	; 254
    7dfa:	80 81       	ld	r24, Z
    7dfc:	90 91 23 01 	lds	r25, 0x0123	; 0x800123 <pkt_len.1936>
	nrf24_csn(0);
    7e00:	91 50       	subi	r25, 0x01	; 1
    7e02:	90 93 23 01 	sts	0x0123, r25	; 0x800123 <pkt_len.1936>
	spi_transfer(addr | R_REGISTER);
    7e06:	df cf       	rjmp	.-66     	; 0x7dc6 <getch+0x2a>
    7e08:	05 df       	rcall	.-502    	; 0x7c14 <nrf24_csn.constprop.8>
	ret = spi_transfer(0);
    7e0a:	87 e1       	ldi	r24, 0x17	; 23
    7e0c:	eb de       	rcall	.-554    	; 0x7be4 <spi_transfer>
    7e0e:	80 e0       	ldi	r24, 0x00	; 0
	if (level)
    7e10:	e9 de       	rcall	.-558    	; 0x7be4 <spi_transfer>
    7e12:	c8 2f       	mov	r28, r24
    if (radio_present && (pkt_len || nrf24_rx_fifo_data()))
    7e14:	fd de       	rcall	.-518    	; 0x7c10 <nrf24_csn.part.0>
    7e16:	c0 ff       	sbrs	r28, 0
	nrf24_write_reg(STATUS, 1 << RX_DR);
    7e18:	e2 cf       	rjmp	.-60     	; 0x7dde <getch+0x42>
    7e1a:	c8 cf       	rjmp	.-112    	; 0x7dac <getch+0x10>
    7e1c:	60 e4       	ldi	r22, 0x40	; 64
    7e1e:	87 e0       	ldi	r24, 0x07	; 7
	nrf24_csn(0);
    7e20:	0e df       	rcall	.-484    	; 0x7c3e <nrf24_write_reg>
    7e22:	f8 de       	rcall	.-528    	; 0x7c14 <nrf24_csn.constprop.8>
	spi_transfer(R_RX_PL_WID);
    7e24:	80 e6       	ldi	r24, 0x60	; 96
    7e26:	de de       	rcall	.-580    	; 0x7be4 <spi_transfer>
    7e28:	80 e0       	ldi	r24, 0x00	; 0
	ret = spi_transfer(0);
    7e2a:	dc de       	rcall	.-584    	; 0x7be4 <spi_transfer>
    7e2c:	18 2f       	mov	r17, r24
    7e2e:	f0 de       	rcall	.-544    	; 0x7c10 <nrf24_csn.part.0>
    7e30:	10 93 23 01 	sts	0x0123, r17	; 0x800123 <pkt_len.1936>
	if (level)
    7e34:	ef de       	rcall	.-546    	; 0x7c14 <nrf24_csn.constprop.8>
	*pkt_len = len;
    7e36:	81 e6       	ldi	r24, 0x61	; 97
    7e38:	d5 de       	rcall	.-598    	; 0x7be4 <spi_transfer>
	nrf24_csn(0);
    7e3a:	c3 e0       	ldi	r28, 0x03	; 3
    7e3c:	d1 e0       	ldi	r29, 0x01	; 1
	spi_transfer(R_RX_PAYLOAD);
    7e3e:	11 50       	subi	r17, 0x01	; 1
    7e40:	70 f5       	brcc	.+92     	; 0x7e9e <getch+0x102>
    7e42:	e6 de       	rcall	.-564    	; 0x7c10 <nrf24_csn.part.0>
    7e44:	00 93 02 01 	sts	0x0102, r16	; 0x800102 <__data_end>
	while (len --)
    7e48:	80 91 47 01 	lds	r24, 0x0147	; 0x800147 <radio_mode>
	if (level)
    7e4c:	81 11       	cpse	r24, r1
        pkt_start = START;
    7e4e:	19 c0       	rjmp	.+50     	; 0x7e82 <getch+0xe6>
    7e50:	80 91 23 01 	lds	r24, 0x0123	; 0x800123 <pkt_len.1936>
        if (!radio_mode && pkt_len >= 4)
    7e54:	84 30       	cpi	r24, 0x04	; 4
    7e56:	38 f1       	brcs	.+78     	; 0x7ea6 <getch+0x10a>
    7e58:	63 e0       	ldi	r22, 0x03	; 3
    7e5a:	71 e0       	ldi	r23, 0x01	; 1
    7e5c:	80 e1       	ldi	r24, 0x10	; 16
    7e5e:	dc de       	rcall	.-584    	; 0x7c18 <nrf24_write_addr_reg>
    7e60:	63 e0       	ldi	r22, 0x03	; 3
	nrf24_write_addr_reg(TX_ADDR, addr);
    7e62:	71 e0       	ldi	r23, 0x01	; 1
    7e64:	8a e0       	ldi	r24, 0x0A	; 10
    7e66:	d8 de       	rcall	.-592    	; 0x7c18 <nrf24_write_addr_reg>
    7e68:	80 91 06 01 	lds	r24, 0x0106	; 0x800106 <pkt_buf.1938+0x3>
	nrf24_write_addr_reg(RX_ADDR_P0, addr);
    7e6c:	80 93 01 01 	sts	0x0101, r24	; 0x800101 <pkt_max_len>
    7e70:	80 91 23 01 	lds	r24, 0x0123	; 0x800123 <pkt_len.1936>
          pkt_max_len = pkt_buf[3];
    7e74:	84 50       	subi	r24, 0x04	; 4
    7e76:	80 93 23 01 	sts	0x0123, r24	; 0x800123 <pkt_len.1936>
          pkt_len -= 4;
    7e7a:	f0 92 02 01 	sts	0x0102, r15	; 0x800102 <__data_end>
    7e7e:	00 93 47 01 	sts	0x0147, r16	; 0x800147 <radio_mode>
    7e82:	80 91 23 01 	lds	r24, 0x0123	; 0x800123 <pkt_len.1936>
          pkt_start += 4;
    7e86:	88 23       	and	r24, r24
          radio_mode = 1;
    7e88:	09 f4       	brne	.+2      	; 0x7e8c <getch+0xf0>
        if (!pkt_len)
    7e8a:	90 cf       	rjmp	.-224    	; 0x7dac <getch+0x10>
    7e8c:	90 91 03 01 	lds	r25, 0x0103	; 0x800103 <pkt_buf.1938>
        if (pkt_buf[0] == seqn)
    7e90:	20 91 00 01 	lds	r18, 0x0100	; 0x800100 <__data_start>
    7e94:	92 13       	cpse	r25, r18
    7e96:	0a c0       	rjmp	.+20     	; 0x7eac <getch+0x110>
          pkt_len = 0;
    7e98:	10 92 23 01 	sts	0x0123, r1	; 0x800123 <pkt_len.1936>
          continue;
    7e9c:	87 cf       	rjmp	.-242    	; 0x7dac <getch+0x10>
		*buf ++ = spi_transfer(0);
    7e9e:	80 e0       	ldi	r24, 0x00	; 0
    7ea0:	a1 de       	rcall	.-702    	; 0x7be4 <spi_transfer>
    7ea2:	89 93       	st	Y+, r24
    7ea4:	cc cf       	rjmp	.-104    	; 0x7e3e <getch+0xa2>
    7ea6:	10 92 23 01 	sts	0x0123, r1	; 0x800123 <pkt_len.1936>
          pkt_len = 0;
    7eaa:	eb cf       	rjmp	.-42     	; 0x7e82 <getch+0xe6>
    7eac:	90 93 00 01 	sts	0x0100, r25	; 0x800100 <__data_start>
        seqn = pkt_buf[0];
    7eb0:	81 50       	subi	r24, 0x01	; 1
        pkt_len--;
    7eb2:	80 93 23 01 	sts	0x0123, r24	; 0x800123 <pkt_len.1936>
    7eb6:	98 cf       	rjmp	.-208    	; 0x7de8 <getch+0x4c>

00007eb8 <wait_timeout>:
    7eb8:	80 91 45 01 	lds	r24, 0x0145	; 0x800145 <nrf24_in_rx>
	if (nrf24_in_rx) {
    7ebc:	88 23       	and	r24, r24
    7ebe:	21 f0       	breq	.+8      	; 0x7ec8 <wait_timeout+0x10>
    7ec0:	80 e9       	ldi	r24, 0x90	; 144
		my_delay(0.2);
    7ec2:	91 e0       	ldi	r25, 0x01	; 1
    7ec4:	99 de       	rcall	.-718    	; 0x7bf8 <delay8>
    7ec6:	29 98       	cbi	0x05, 1	; 5
    7ec8:	6c e7       	ldi	r22, 0x7C	; 124
		CE_PORT &= ~CE_PIN;
    7eca:	80 e0       	ldi	r24, 0x00	; 0
			nrf24_write_reg(CONFIG, CONFIG_VAL);
    7ecc:	b8 de       	rcall	.-656    	; 0x7c3e <nrf24_write_reg>
    7ece:	10 92 45 01 	sts	0x0145, r1	; 0x800145 <nrf24_in_rx>
    7ed2:	88 e1       	ldi	r24, 0x18	; 24
	nrf24_in_rx = 0;
    7ed4:	80 93 60 00 	sts	0x0060, r24	; 0x800060 <__TEXT_REGION_LENGTH__+0x7e0060>
  WDTCSR = _BV(WDCE) | _BV(WDE);
    7ed8:	88 e0       	ldi	r24, 0x08	; 8
    7eda:	80 93 60 00 	sts	0x0060, r24	; 0x800060 <__TEXT_REGION_LENGTH__+0x7e0060>
  WDTCSR = x;
    7ede:	ff cf       	rjmp	.-2      	; 0x7ede <wait_timeout+0x26>

00007ee0 <verifySpace>:
    7ee0:	5d df       	rcall	.-326    	; 0x7d9c <getch>
    7ee2:	80 32       	cpi	r24, 0x20	; 32
    ;                            //  a reset and app start.
    7ee4:	09 f0       	breq	.+2      	; 0x7ee8 <verifySpace+0x8>
  if (getch() != CRC_EOP)
    7ee6:	e8 df       	rcall	.-48     	; 0x7eb8 <wait_timeout>
    7ee8:	84 e1       	ldi	r24, 0x14	; 20
    7eea:	c7 ce       	rjmp	.-626    	; 0x7c7a <putch>

00007eec <getNch>:
    7eec:	cf 93       	push	r28
    wait_timeout();
    7eee:	c8 2f       	mov	r28, r24
    7ef0:	55 df       	rcall	.-342    	; 0x7d9c <getch>
  putch(STK_INSYNC);
    7ef2:	c1 50       	subi	r28, 0x01	; 1
    7ef4:	e9 f7       	brne	.-6      	; 0x7ef0 <getNch+0x4>
    7ef6:	cf 91       	pop	r28
{
    7ef8:	f3 cf       	rjmp	.-26     	; 0x7ee0 <verifySpace>

00007efa <watchdogConfig>:
    7efa:	e0 e6       	ldi	r30, 0x60	; 96
    getch();
    7efc:	f0 e0       	ldi	r31, 0x00	; 0
    7efe:	98 e1       	ldi	r25, 0x18	; 24
  while (--count);
    7f00:	90 83       	st	Z, r25
    7f02:	80 83       	st	Z, r24
}
    7f04:	08 95       	ret

00007f06 <appStart>:
  verifySpace();
    7f06:	e0 e6       	ldi	r30, 0x60	; 96
    7f08:	f0 e0       	ldi	r31, 0x00	; 0
  WDTCSR = _BV(WDCE) | _BV(WDE);
    7f0a:	98 e1       	ldi	r25, 0x18	; 24
    7f0c:	90 83       	st	Z, r25
    7f0e:	10 82       	st	Z, r1
    7f10:	28 2e       	mov	r2, r24
  WDTCSR = x;
    7f12:	ee 27       	eor	r30, r30
}
    7f14:	ff 27       	eor	r31, r31
  WDTCSR = _BV(WDCE) | _BV(WDE);
    7f16:	09 94       	ijmp
