
optiboot_atmega328.elf:     file format elf32-avr

Sections:
Idx Name          Size      VMA       LMA       File off  Algn
  0 .data         00000002  00800100  00007f2a  000006be  2**0
                  CONTENTS, ALLOC, LOAD, DATA
  1 .text         0000062a  00007900  00007900  00000094  2**1
                  CONTENTS, ALLOC, LOAD, READONLY, CODE
  2 .version      00000002  00007ffe  00007ffe  000006c0  2**0
                  CONTENTS, READONLY
  3 .bss          00000046  00800102  00800102  000006c0  2**0
                  ALLOC
  4 .comment      00000011  00000000  00000000  000006c2  2**0
                  CONTENTS, READONLY
  5 .debug_aranges 00000028  00000000  00000000  000006d3  2**0
                  CONTENTS, READONLY, DEBUGGING
  6 .debug_info   00001358  00000000  00000000  000006fb  2**0
                  CONTENTS, READONLY, DEBUGGING
  7 .debug_abbrev 000003a5  00000000  00000000  00001a53  2**0
                  CONTENTS, READONLY, DEBUGGING
  8 .debug_line   00000362  00000000  00000000  00001df8  2**0
                  CONTENTS, READONLY, DEBUGGING
  9 .debug_frame  0000018c  00000000  00000000  0000215c  2**2
                  CONTENTS, READONLY, DEBUGGING
 10 .debug_str    0000039e  00000000  00000000  000022e8  2**0
                  CONTENTS, READONLY, DEBUGGING
 11 .debug_loc    00000b20  00000000  00000000  00002686  2**0
                  CONTENTS, READONLY, DEBUGGING
 12 .debug_ranges 000000e8  00000000  00000000  000031a6  2**0
                  CONTENTS, READONLY, DEBUGGING

Disassembly of section .text:

00007900 <main>:

  return EEDR;
}

/* main program starts here */
int main(void) {
    7900:	00 d0       	rcall	.+0      	; 0x7902 <main+0x2>
    7902:	00 d0       	rcall	.+0      	; 0x7904 <main+0x4>
    7904:	cd b7       	in	r28, 0x3d	; 61
    7906:	de b7       	in	r29, 0x3e	; 62
  //  SP points to RAMEND
  //  r1 contains zero
  //
  // If not, uncomment the following instructions:
  // cli();
  asm volatile ("cli");
    7908:	f8 94       	cli
  asm volatile ("clr __zero_reg__");
    790a:	11 24       	eor	r1, r1
  /* Save the original reset reason to pass on to the applicatoin */
  reset_cause = ch;
  marker = 0xdeadbeef;
#else
  // Adaboot no-wait mod
  ch = MCUSR;
    790c:	84 b7       	in	r24, 0x34	; 52
  MCUSR = 0;
    790e:	14 be       	out	0x34, r1	; 52
  if (ch & (_BV(WDRF) | _BV(PORF) | _BV(BORF)))
    7910:	98 2f       	mov	r25, r24
    7912:	9d 70       	andi	r25, 0x0D	; 13
    7914:	09 f0       	breq	.+2      	; 0x7918 <main+0x18>
    appStart(ch);
    7916:	00 d3       	rcall	.+1536   	; 0x7f18 <appStart>
    7918:	11 e0       	ldi	r17, 0x01	; 1
#endif

#if BSS_SIZE > 0
  // Prepare .data
  asm volatile (
    791a:	a0 e0       	ldi	r26, 0x00	; 0
    791c:	b1 e0       	ldi	r27, 0x01	; 1
    791e:	ea e2       	ldi	r30, 0x2A	; 42
    7920:	ff e7       	ldi	r31, 0x7F	; 127
    7922:	02 c0       	rjmp	.+4      	; 0x7928 <cpchk>

00007924 <copy>:
    7924:	05 90       	lpm	r0, Z+
    7926:	0d 92       	st	X+, r0

00007928 <cpchk>:
    7928:	a2 30       	cpi	r26, 0x02	; 2
    792a:	b1 07       	cpc	r27, r17
    792c:	d9 f7       	brne	.-10     	; 0x7924 <copy>
    792e:	11 e0       	ldi	r17, 0x01	; 1
	"	st	X+, __tmp_reg__\n"
	"cpchk:	cpi	r26, lo8(__data_end)\n"
	"	cpc	r27, r17\n"
	"	brne	copy\n");
  // Prepare .bss
  asm volatile (
    7930:	a2 e0       	ldi	r26, 0x02	; 2
    7932:	b1 e0       	ldi	r27, 0x01	; 1
    7934:	01 c0       	rjmp	.+2      	; 0x7938 <clchk>

00007936 <clear>:
    7936:	1d 92       	st	X+, r1

00007938 <clchk>:
    7938:	a8 34       	cpi	r26, 0x48	; 72
    793a:	b1 07       	cpc	r27, r17
    793c:	e1 f7       	brne	.-8      	; 0x7936 <clear>
    793e:	8a b1       	in	r24, 0x0a	; 10
  /*
   * Disable pullups that may have been enabled by a user program.
   * Somehow a pullup on RXD screws up everything unless RXD is externally
   * driven high.
   */
  DDRD |= 3;
    7940:	83 60       	ori	r24, 0x03	; 3
    7942:	8a b9       	out	0x0a, r24	; 10
    7944:	8b b1       	in	r24, 0x0b	; 11
  PORTD &= ~3;
    7946:	8c 7f       	andi	r24, 0xFC	; 252
    7948:	8b b9       	out	0x0b, r24	; 11
    794a:	82 e0       	ldi	r24, 0x02	; 2
  UCSRA = _BV(U2X); //Double speed mode USART
  UCSRB = _BV(RXEN) | _BV(TXEN);  // enable Rx & Tx
  UCSRC = _BV(URSEL) | _BV(UCSZ1) | _BV(UCSZ0);  // config USART; 8N1
  UBRRL = (uint8_t)( (F_CPU + BAUD_RATE * 4L) / (BAUD_RATE * 8L) - 1 );
#else
  UART_SRA = _BV(U2X0); //Double speed mode USART0
    794c:	80 93 c0 00 	sts	0x00C0, r24
    7950:	88 e1       	ldi	r24, 0x18	; 24
  UART_SRB = _BV(RXEN0) | _BV(TXEN0);
    7952:	80 93 c1 00 	sts	0x00C1, r24
    7956:	86 e0       	ldi	r24, 0x06	; 6
  UART_SRC = _BV(UCSZ00) | _BV(UCSZ01);
    7958:	80 93 c2 00 	sts	0x00C2, r24
    795c:	80 e1       	ldi	r24, 0x10	; 16
  UART_SRL = (uint8_t)( (F_CPU + BAUD_RATE * 4L) / (BAUD_RATE * 8L) - 1 );
    795e:	80 93 c4 00 	sts	0x00C4, r24
    7962:	84 b1       	in	r24, 0x04	; 4
	(void) SPDR;
}

static void spi_init(void) {
	/* Initialize the SPI pins: SCK & MOSI as outputs, MISO as input */
	SPI_DDR |= SCK_PIN | MOSI_PIN;
    7964:	88 62       	ori	r24, 0x28	; 40
    7966:	84 b9       	out	0x04, r24	; 4
    7968:	24 98       	cbi	0x04, 4	; 4
	SPI_DDR &= ~MISO_PIN;
    796a:	22 9a       	sbi	0x04, 2	; 4
	/* Must also pre-set SS to output, otherwise it's going to bite us */
	SPI_DDR |= SS_PIN;
    796c:	1c bc       	out	0x2c, r1	; 44
#define MOSI_PIN	(1 << 3)
#define SS_PIN		(1 << 2)

static void spi_mode(uint8_t mode) {
	/* Enable SPI master with configuration byte specified */
	SPCR = 0;
    796e:	80 e5       	ldi	r24, 0x50	; 80
	SPCR = (mode & 0x7F) | (1 << SPE) | (1 << MSTR);
    7970:	8c bd       	out	0x2c, r24	; 44
    7972:	11 e0       	ldi	r17, 0x01	; 1
	SPSR = 1 << SPI2X; /* double speed */
    7974:	1d bd       	out	0x2d, r17	; 45
    7976:	8d b5       	in	r24, 0x2d	; 45
	(void) SPSR;
    7978:	8e b5       	in	r24, 0x2e	; 46
	(void) SPDR;
    797a:	21 9a       	sbi	0x04, 1	; 4
#define CONFIG_VAL ((1 << MASK_RX_DR) | (1 << MASK_TX_DS) | \
		(1 << MASK_MAX_RT) | (1 << CRCO) | (1 << EN_CRC))

static int nrf24_init(void) {
	/* CE and CSN are outputs */
	CE_DDR |= CE_PIN;
    797c:	22 9a       	sbi	0x04, 2	; 4
	CSN_DDR |= CSN_PIN;
    797e:	80 e9       	ldi	r24, 0x90	; 144
#else
	/* This should take at least 10us (rising) or 200us (falling) */
	if (level)
		my_delay(0.01);
	else
		my_delay(0.2);
    7980:	91 e0       	ldi	r25, 0x01	; 1
    7982:	2d d1       	rcall	.+602    	; 0x7bde <delay8>
    7984:	29 98       	cbi	0x05, 1	; 5
    7986:	37 d1       	rcall	.+622    	; 0x7bf6 <nrf24_csn.part.0>
#endif

	if (level)
		CE_PORT |= CE_PIN;
	else
		CE_PORT &= ~CE_PIN;
    7988:	80 e1       	ldi	r24, 0x10	; 16
    798a:	97 e2       	ldi	r25, 0x27	; 39
    798c:	28 d1       	rcall	.+592    	; 0x7bde <delay8>

	return ret;
}

static void nrf24_delay(void) {
	my_delay(5);
    798e:	6f e7       	ldi	r22, 0x7F	; 127
    7990:	84 e0       	ldi	r24, 0x04	; 4
    7992:	33 d1       	rcall	.+614    	; 0x7bfa <nrf24_write_reg>
    7994:	2a 98       	cbi	0x05, 2	; 5
	nrf24_ce(0);
	nrf24_csn(1);
	nrf24_delay();

	/* 2ms interval, 15 retries (16 total) */
	nrf24_write_reg(SETUP_RETR, 0x7f);
    7996:	84 e0       	ldi	r24, 0x04	; 4
    7998:	18 d1       	rcall	.+560    	; 0x7bca <spi_transfer>
    799a:	80 e0       	ldi	r24, 0x00	; 0
    799c:	16 d1       	rcall	.+556    	; 0x7bca <spi_transfer>

static inline void nrf24_csn(uint8_t level) {
	if (level)
		CSN_PORT |= CSN_PIN;
	else
		CSN_PORT &= ~CSN_PIN;
    799e:	8c 83       	std	Y+4, r24	; 0x04
static uint8_t nrf24_read_reg(uint8_t addr) {
	uint8_t ret;

	nrf24_csn(0);

	spi_transfer(addr | R_REGISTER);
    79a0:	2a d1       	rcall	.+596    	; 0x7bf6 <nrf24_csn.part.0>
    79a2:	8c 81       	ldd	r24, Y+4	; 0x04
    79a4:	8f 37       	cpi	r24, 0x7F	; 127
	ret = spi_transfer(0);
    79a6:	49 f5       	brne	.+82     	; 0x79fa <clchk+0xc2>
    79a8:	66 e2       	ldi	r22, 0x26	; 38
    79aa:	86 e0       	ldi	r24, 0x06	; 6
    79ac:	26 d1       	rcall	.+588    	; 0x7bfa <nrf24_write_reg>
    79ae:	63 e0       	ldi	r22, 0x03	; 3
    79b0:	8c e1       	ldi	r24, 0x1C	; 28
	nrf24_csn(1);
	nrf24_delay();

	/* 2ms interval, 15 retries (16 total) */
	nrf24_write_reg(SETUP_RETR, 0x7f);
	if (nrf24_read_reg(SETUP_RETR) != 0x7f)
    79b2:	23 d1       	rcall	.+582    	; 0x7bfa <nrf24_write_reg>
    79b4:	64 e0       	ldi	r22, 0x04	; 4
    79b6:	8d e1       	ldi	r24, 0x1D	; 29
		return 1; /* There may be no nRF24 connected */

	/* Maximum Tx power, 250kbps data rate */
	nrf24_write_reg(RF_SETUP, (1 << RF_PWR_LOW) | (1 << RF_PWR_HIGH) |
    79b8:	20 d1       	rcall	.+576    	; 0x7bfa <nrf24_write_reg>
    79ba:	60 e7       	ldi	r22, 0x70	; 112
    79bc:	87 e0       	ldi	r24, 0x07	; 7
    79be:	1d d1       	rcall	.+570    	; 0x7bfa <nrf24_write_reg>
			(1 << RF_DR_LOW));
	/* Dynamic payload length for TX & RX (pipes 0 and 1) */
	nrf24_write_reg(DYNPD, 0x03);
    79c0:	6a e2       	ldi	r22, 0x2A	; 42
    79c2:	85 e0       	ldi	r24, 0x05	; 5
    79c4:	1a d1       	rcall	.+564    	; 0x7bfa <nrf24_write_reg>
    79c6:	61 e0       	ldi	r22, 0x01	; 1
	nrf24_write_reg(FEATURE, 1 << EN_DPL);
    79c8:	83 e0       	ldi	r24, 0x03	; 3
    79ca:	17 d1       	rcall	.+558    	; 0x7bfa <nrf24_write_reg>
    79cc:	63 e0       	ldi	r22, 0x03	; 3
    79ce:	81 e0       	ldi	r24, 0x01	; 1
	/* Reset status bits */
	nrf24_write_reg(STATUS, (1 << RX_DR) | (1 << TX_DS) | (1 << MAX_RT));
    79d0:	14 d1       	rcall	.+552    	; 0x7bfa <nrf24_write_reg>
    79d2:	10 93 46 01 	sts	0x0146, r17
    79d6:	80 e0       	ldi	r24, 0x00	; 0
	/* Set some RF channel number */
	nrf24_write_reg(RF_CH, 42);
    79d8:	90 e0       	ldi	r25, 0x00	; 0
    79da:	f0 d0       	rcall	.+480    	; 0x7bbc <eeprom_read>
    79dc:	89 83       	std	Y+1, r24	; 0x01
    79de:	81 e0       	ldi	r24, 0x01	; 1
	/* 3-byte addresses */
	nrf24_write_reg(SETUP_AW, 0x01);
    79e0:	90 e0       	ldi	r25, 0x00	; 0
    79e2:	ec d0       	rcall	.+472    	; 0x7bbc <eeprom_read>
    79e4:	8a 83       	std	Y+2, r24	; 0x02
    79e6:	82 e0       	ldi	r24, 0x02	; 2
	/* Enable ACKing on both pipe 0 & 1 for TX & RX ACK support */
	nrf24_write_reg(EN_AA, 0x03);
    79e8:	90 e0       	ldi	r25, 0x00	; 0
    79ea:	e8 d0       	rcall	.+464    	; 0x7bbc <eeprom_read>
    79ec:	8b 83       	std	Y+3, r24	; 0x03
    79ee:	be 01       	movw	r22, r28
  spi_init();

  if (nrf24_init())
    return;

  radio_present = 1;
    79f0:	6f 5f       	subi	r22, 0xFF	; 255
    79f2:	7f 4f       	sbci	r23, 0xFF	; 255
   * Set our own address.
   *
   * The remote end's address will be set according to the contents
   * of the first packet we receive from the master.
   */
  addr[0] = eeprom_read(0);
    79f4:	8b e0       	ldi	r24, 0x0B	; 11
    79f6:	22 d1       	rcall	.+580    	; 0x7c3c <nrf24_write_addr_reg>
    79f8:	10 d1       	rcall	.+544    	; 0x7c1a <nrf24_rx_mode>
    79fa:	88 e1       	ldi	r24, 0x18	; 24
    79fc:	80 93 60 00 	sts	0x0060, r24
  addr[1] = eeprom_read(1);
    7a00:	8e e0       	ldi	r24, 0x0E	; 14
    7a02:	80 93 60 00 	sts	0x0060, r24
    7a06:	00 e0       	ldi	r16, 0x00	; 0
  addr[2] = eeprom_read(2);
    7a08:	10 e0       	ldi	r17, 0x00	; 0
    7a0a:	68 e1       	ldi	r22, 0x18	; 24
    7a0c:	c6 2e       	mov	r12, r22
    7a0e:	78 e0       	ldi	r23, 0x08	; 8
    7a10:	b7 2e       	mov	r11, r23

	return 0;
}

static void nrf24_set_rx_addr(uint8_t addr[3]) {
	nrf24_write_addr_reg(RX_ADDR_P1, addr);
    7a12:	aa 24       	eor	r10, r10
    7a14:	a3 94       	inc	r10
    7a16:	e5 e0       	ldi	r30, 0x05	; 5
    7a18:	9e 2e       	mov	r9, r30
    7a1a:	f1 e1       	ldi	r31, 0x11	; 17
    7a1c:	8f 2e       	mov	r8, r31
  nrf24_set_rx_addr(addr);

  nrf24_rx_mode();
    7a1e:	a3 e0       	ldi	r26, 0x03	; 3
    7a20:	da 2e       	mov	r13, r26
    "wdr\n"
  );
}

void watchdogConfig(uint8_t x) {
  WDTCSR = _BV(WDCE) | _BV(WDE);
    7a22:	b0 d1       	rcall	.+864    	; 0x7d84 <getch>
    7a24:	81 34       	cpi	r24, 0x41	; 65
    7a26:	69 f4       	brne	.+26     	; 0x7a42 <clchk+0x10a>
  WDTCSR = x;
    7a28:	ad d1       	rcall	.+858    	; 0x7d84 <getch>
    7a2a:	8c 83       	std	Y+4, r24	; 0x04
    7a2c:	62 d2       	rcall	.+1220   	; 0x7ef2 <verifySpace>
   * Making these local and in registers prevents the need for initializing
   * them, and also saves space because code no longer stores to memory.
   * (initializing address keeps the compiler happy, but isn't really
   *  necessary, and uses 4 bytes of flash.)
   */
  register uint16_t address = 0;
    7a2e:	8c 81       	ldd	r24, Y+4	; 0x04
    7a30:	82 38       	cpi	r24, 0x82	; 130
    "wdr\n"
  );
}

void watchdogConfig(uint8_t x) {
  WDTCSR = _BV(WDCE) | _BV(WDE);
    7a32:	f1 f0       	breq	.+60     	; 0x7a70 <clchk+0x138>
    7a34:	81 38       	cpi	r24, 0x81	; 129
  WDTCSR = x;
    7a36:	11 f4       	brne	.+4      	; 0x7a3c <clchk+0x104>
    7a38:	85 e0       	ldi	r24, 0x05	; 5
        ch = SPM_PAGESIZE / 2;
        do {
          uint16_t a;
          a = *bufPtr++;
          a |= (*bufPtr++) << 8;
          __boot_page_fill_short((uint16_t)(void*)addrPtr,a);
    7a3a:	01 c0       	rjmp	.+2      	; 0x7a3e <clchk+0x106>
    7a3c:	83 e0       	ldi	r24, 0x03	; 3
          addrPtr += 2;
        } while (--ch);

        // Write from programming buffer
        __boot_page_write_short((uint16_t)(void*)address);
    7a3e:	0d d1       	rcall	.+538    	; 0x7c5a <putch>
    7a40:	ba c0       	rjmp	.+372    	; 0x7bb6 <clchk+0x27e>
        boot_spm_busy_wait();

#if defined(RWWSRE)
        // Reenable read access to flash
        boot_rww_enable();
    7a42:	82 34       	cpi	r24, 0x42	; 66
    7a44:	11 f4       	brne	.+4      	; 0x7a4a <clchk+0x112>
#endif
        // If we are in NRWW section, page erase has to be delayed until now.
        // Todo: Take RAMPZ into account (not doing so just means that we will
        //  treat the top of both "pages" of flash as NRWW, for a slight speed
        //  decrease, so fixing this is not urgent.)
        if (address >= NRWWSTART) __boot_page_erase_short((uint16_t)(void*)address);
    7a46:	84 e1       	ldi	r24, 0x14	; 20
    7a48:	03 c0       	rjmp	.+6      	; 0x7a50 <clchk+0x118>
#endif

  /* Forever loop */
  for (;;) {
    /* get character from UART */
    ch = getch();
    7a4a:	85 34       	cpi	r24, 0x45	; 69
    7a4c:	19 f4       	brne	.+6      	; 0x7a54 <clchk+0x11c>

    if(ch == STK_GET_PARAMETER) {
    7a4e:	85 e0       	ldi	r24, 0x05	; 5
    7a50:	56 d2       	rcall	.+1196   	; 0x7efe <getNch>
      unsigned char which = getch();
    7a52:	b1 c0       	rjmp	.+354    	; 0x7bb6 <clchk+0x27e>
    7a54:	85 35       	cpi	r24, 0x55	; 85
      verifySpace();
    7a56:	41 f4       	brne	.+16     	; 0x7a68 <clchk+0x130>
    7a58:	95 d1       	rcall	.+810    	; 0x7d84 <getch>
    7a5a:	08 2f       	mov	r16, r24
      if (which == 0x82) {
    7a5c:	10 e0       	ldi	r17, 0x00	; 0
    7a5e:	92 d1       	rcall	.+804    	; 0x7d84 <getch>
    7a60:	18 2b       	or	r17, r24
	/*
	 * Send optiboot version as "minor SW version"
	 */
	putch(OPTIBOOT_MINVER);
      } else if (which == 0x81) {
    7a62:	00 0f       	add	r16, r16
    7a64:	11 1f       	adc	r17, r17
	  putch(OPTIBOOT_MAJVER);
    7a66:	a6 c0       	rjmp	.+332    	; 0x7bb4 <clchk+0x27c>
    7a68:	86 35       	cpi	r24, 0x56	; 86
      } else {
	/*
	 * GET PARAMETER returns a generic 0x03 reply for
         * other parameters - enough to keep Avrdude happy
	 */
	putch(0x03);
    7a6a:	21 f4       	brne	.+8      	; 0x7a74 <clchk+0x13c>
    7a6c:	84 e0       	ldi	r24, 0x04	; 4
    7a6e:	47 d2       	rcall	.+1166   	; 0x7efe <getNch>
    7a70:	80 e0       	ldi	r24, 0x00	; 0
      }
    }
    else if(ch == STK_SET_DEVICE) {
    7a72:	e5 cf       	rjmp	.-54     	; 0x7a3e <clchk+0x106>
    7a74:	84 36       	cpi	r24, 0x64	; 100
      // SET DEVICE is ignored
      getNch(20);
    7a76:	09 f0       	breq	.+2      	; 0x7a7a <clchk+0x142>
    7a78:	6a c0       	rjmp	.+212    	; 0x7b4e <clchk+0x216>
    }
    else if(ch == STK_SET_DEVICE_EXT) {
    7a7a:	84 d1       	rcall	.+776    	; 0x7d84 <getch>
    7a7c:	83 d1       	rcall	.+774    	; 0x7d84 <getch>
      // SET DEVICE EXT is ignored
      getNch(5);
    7a7e:	e8 2e       	mov	r14, r24
    7a80:	81 d1       	rcall	.+770    	; 0x7d84 <getch>
    7a82:	98 2f       	mov	r25, r24
    7a84:	86 34       	cpi	r24, 0x46	; 70
    }
    else if(ch == STK_LOAD_ADDRESS) {
    7a86:	21 f4       	brne	.+8      	; 0x7a90 <clchk+0x158>
    7a88:	01 15       	cp	r16, r1
      // LOAD ADDRESS
      uint16_t newAddress;
      newAddress = getch();
    7a8a:	20 e7       	ldi	r18, 0x70	; 112
    7a8c:	12 07       	cpc	r17, r18
    7a8e:	40 f0       	brcs	.+16     	; 0x7aa0 <clchk+0x168>
    7a90:	30 e8       	ldi	r19, 0x80	; 128
      newAddress |= getch() << 8;
    7a92:	63 2e       	mov	r6, r19
    7a94:	77 24       	eor	r7, r7
    7a96:	73 94       	inc	r7
#ifdef RAMPZ
      // Transfer top bit to RAMPZ
      RAMPZ = (newAddress & 0x8000) ? 1 : 0;
#endif
      newAddress <<= 1; // Convert from word address to byte address
    7a98:	40 e8       	ldi	r20, 0x80	; 128
    7a9a:	f4 2e       	mov	r15, r20
    7a9c:	fe 0c       	add	r15, r14
      address = newAddress;
      verifySpace();
    }
    else if(ch == STK_UNIVERSAL) {
    7a9e:	04 c0       	rjmp	.+8      	; 0x7aa8 <clchk+0x170>
    7aa0:	f8 01       	movw	r30, r16
      // UNIVERSAL command is ignored
      getNch(4);
    7aa2:	d7 be       	out	0x37, r13	; 55
    7aa4:	e8 95       	spm
    7aa6:	f4 cf       	rjmp	.-24     	; 0x7a90 <clchk+0x158>
      putch(0x00);
    7aa8:	9c 83       	std	Y+4, r25	; 0x04
    7aaa:	6c d1       	rcall	.+728    	; 0x7d84 <getch>
    }
    /* Write memory, length is big endian and is in bytes */
    else if(ch == STK_PROG_PAGE) {
    7aac:	f3 01       	movw	r30, r6
    7aae:	81 93       	st	Z+, r24
    7ab0:	3f 01       	movw	r6, r30
      // PROGRAM PAGE - we support flash and EEPROM programming
      uint8_t *bufPtr;
      uint16_t addrPtr;
      uint8_t type;

      getch();			/* getlen() */
    7ab2:	9c 81       	ldd	r25, Y+4	; 0x04
    7ab4:	fe 12       	cpse	r15, r30
      length = getch();
    7ab6:	f8 cf       	rjmp	.-16     	; 0x7aa8 <clchk+0x170>
    7ab8:	ea 94       	dec	r14
    7aba:	f1 2c       	mov	r15, r1
      type = getch();
    7abc:	ff e7       	ldi	r31, 0x7F	; 127
    7abe:	ef 1a       	sub	r14, r31
    7ac0:	fe ef       	ldi	r31, 0xFE	; 254

#ifdef SUPPORT_EEPROM
      if (type == 'F')		/* Flash */
    7ac2:	ff 0a       	sbc	r15, r31
    7ac4:	96 34       	cpi	r25, 0x46	; 70
#endif
        // If we are in RWW section, immediately start page erase
        if (address < NRWWSTART) __boot_page_erase_short((uint16_t)(void*)address);
    7ac6:	59 f5       	brne	.+86     	; 0x7b1e <clchk+0x1e6>
    7ac8:	01 15       	cp	r16, r1
    7aca:	20 e7       	ldi	r18, 0x70	; 112
    7acc:	12 07       	cpc	r17, r18
   * Making these local and in registers prevents the need for initializing
   * them, and also saves space because code no longer stores to memory.
   * (initializing address keeps the compiler happy, but isn't really
   *  necessary, and uses 4 bytes of flash.)
   */
  register uint16_t address = 0;
    7ace:	18 f0       	brcs	.+6      	; 0x7ad6 <clchk+0x19e>
    7ad0:	f8 01       	movw	r30, r16
    7ad2:	d7 be       	out	0x37, r13	; 55
    7ad4:	e8 95       	spm
    7ad6:	0d d2       	rcall	.+1050   	; 0x7ef2 <verifySpace>
    7ad8:	07 b6       	in	r0, 0x37	; 55
    7ada:	00 fc       	sbrc	r0, 0
    7adc:	fd cf       	rjmp	.-6      	; 0x7ad8 <clchk+0x1a0>

#ifdef SUPPORT_EEPROM
      if (type == 'F')		/* Flash */
#endif
        // If we are in RWW section, immediately start page erase
        if (address < NRWWSTART) __boot_page_erase_short((uint16_t)(void*)address);
    7ade:	a8 01       	movw	r20, r16
    7ae0:	a0 e8       	ldi	r26, 0x80	; 128
    7ae2:	b1 e0       	ldi	r27, 0x01	; 1
    7ae4:	8c 91       	ld	r24, X

      // While that is going on, read in page contents
      bufPtr = buff;
      do *bufPtr++ = getch();
    7ae6:	12 96       	adiw	r26, 0x02	; 2
    7ae8:	9d 01       	movw	r18, r26
    7aea:	21 50       	subi	r18, 0x01	; 1
    7aec:	31 09       	sbc	r19, r1
    7aee:	f9 01       	movw	r30, r18
    7af0:	20 81       	ld	r18, Z
      while (--length);
    7af2:	90 e0       	ldi	r25, 0x00	; 0
    7af4:	92 2b       	or	r25, r18
    7af6:	fa 01       	movw	r30, r20
    7af8:	0c 01       	movw	r0, r24
    7afa:	a7 be       	out	0x37, r10	; 55
    7afc:	e8 95       	spm
    7afe:	11 24       	eor	r1, r1
    7b00:	4e 5f       	subi	r20, 0xFE	; 254
    7b02:	5f 4f       	sbci	r21, 0xFF	; 255

#ifdef SUPPORT_EEPROM
      if (type == 'F') {	/* Flash */
    7b04:	a1 15       	cp	r26, r1
    7b06:	f2 e0       	ldi	r31, 0x02	; 2
#endif
        // If we are in NRWW section, page erase has to be delayed until now.
        // Todo: Take RAMPZ into account (not doing so just means that we will
        //  treat the top of both "pages" of flash as NRWW, for a slight speed
        //  decrease, so fixing this is not urgent.)
        if (address >= NRWWSTART) __boot_page_erase_short((uint16_t)(void*)address);
    7b08:	bf 07       	cpc	r27, r31
    7b0a:	61 f7       	brne	.-40     	; 0x7ae4 <clchk+0x1ac>
    7b0c:	f8 01       	movw	r30, r16
    7b0e:	97 be       	out	0x37, r9	; 55
    7b10:	e8 95       	spm
    7b12:	07 b6       	in	r0, 0x37	; 55
    7b14:	00 fc       	sbrc	r0, 0

        // Read command terminator, start reply
        verifySpace();
    7b16:	fd cf       	rjmp	.-6      	; 0x7b12 <clchk+0x1da>
    7b18:	87 be       	out	0x37, r8	; 55

        // If only a partial page is to be programmed, the erase might not be complete.
        // So check that here
        boot_spm_busy_wait();
    7b1a:	e8 95       	spm
    7b1c:	4c c0       	rjmp	.+152    	; 0x7bb6 <clchk+0x27e>
    7b1e:	95 34       	cpi	r25, 0x45	; 69
    7b20:	09 f0       	breq	.+2      	; 0x7b24 <clchk+0x1ec>
    7b22:	49 c0       	rjmp	.+146    	; 0x7bb6 <clchk+0x27e>
    7b24:	e6 d1       	rcall	.+972    	; 0x7ef2 <verifySpace>
        bufPtr = buff;
        addrPtr = (uint16_t)(void*)address;
        ch = SPM_PAGESIZE / 2;
        do {
          uint16_t a;
          a = *bufPtr++;
    7b26:	c8 01       	movw	r24, r16
    7b28:	e0 e8       	ldi	r30, 0x80	; 128
    7b2a:	f1 e0       	ldi	r31, 0x01	; 1
    7b2c:	ee 16       	cp	r14, r30
    7b2e:	09 f4       	brne	.+2      	; 0x7b32 <clchk+0x1fa>
          a |= (*bufPtr++) << 8;
    7b30:	42 c0       	rjmp	.+132    	; 0x7bb6 <clchk+0x27e>
    7b32:	a8 95       	wdr
    7b34:	41 91       	ld	r20, Z+
    7b36:	9c 01       	movw	r18, r24
          __boot_page_fill_short((uint16_t)(void*)addrPtr,a);
    7b38:	2f 5f       	subi	r18, 0xFF	; 255
    7b3a:	3f 4f       	sbci	r19, 0xFF	; 255
    7b3c:	f9 99       	sbic	0x1f, 1	; 31
    7b3e:	fe cf       	rjmp	.-4      	; 0x7b3c <clchk+0x204>
    7b40:	92 bd       	out	0x22, r25	; 34
          addrPtr += 2;
    7b42:	81 bd       	out	0x21, r24	; 33
    7b44:	40 bd       	out	0x20, r20	; 32
        } while (--ch);
    7b46:	fa 9a       	sbi	0x1f, 2	; 31
    7b48:	f9 9a       	sbi	0x1f, 1	; 31
    7b4a:	c9 01       	movw	r24, r18
    7b4c:	ef cf       	rjmp	.-34     	; 0x7b2c <clchk+0x1f4>

        // Write from programming buffer
        __boot_page_write_short((uint16_t)(void*)address);
    7b4e:	84 37       	cpi	r24, 0x74	; 116
    7b50:	11 f5       	brne	.+68     	; 0x7b96 <clchk+0x25e>
    7b52:	18 d1       	rcall	.+560    	; 0x7d84 <getch>
        boot_spm_busy_wait();
    7b54:	17 d1       	rcall	.+558    	; 0x7d84 <getch>
    7b56:	78 2e       	mov	r7, r24
    7b58:	15 d1       	rcall	.+554    	; 0x7d84 <getch>

#if defined(RWWSRE)
        // Reenable read access to flash
        boot_rww_enable();
    7b5a:	8c 83       	std	Y+4, r24	; 0x04
    7b5c:	ca d1       	rcall	.+916    	; 0x7ef2 <verifySpace>
    7b5e:	8c 81       	ldd	r24, Y+4	; 0x04
#endif
#ifdef SUPPORT_EEPROM
      } else if (type == 'E') {	/* EEPROM */
    7b60:	86 34       	cpi	r24, 0x46	; 70
    7b62:	39 f4       	brne	.+14     	; 0x7b72 <clchk+0x23a>
    7b64:	f8 01       	movw	r30, r16
        // Read command terminator, start reply
        verifySpace();
    7b66:	85 91       	lpm	r24, Z+
    7b68:	8f 01       	movw	r16, r30

        length = bufPtr - buff;
        addrPtr = address;
        bufPtr = buff;
        while (length--) {
    7b6a:	77 d0       	rcall	.+238    	; 0x7c5a <putch>
    7b6c:	7a 94       	dec	r7
    7b6e:	d1 f7       	brne	.-12     	; 0x7b64 <clchk+0x22c>
    7b70:	22 c0       	rjmp	.+68     	; 0x7bb6 <clchk+0x27e>
    7b72:	85 34       	cpi	r24, 0x45	; 69
    7b74:	01 f5       	brne	.+64     	; 0x7bb6 <clchk+0x27e>
}
#endif

// Watchdog functions. These are only safe with interrupts turned off.
void watchdogReset() {
  __asm__ __volatile__ (
    7b76:	c8 01       	movw	r24, r16
        length = bufPtr - buff;
        addrPtr = address;
        bufPtr = buff;
        while (length--) {
          watchdogReset();
          eeprom_write(addrPtr++, *bufPtr++);
    7b78:	67 2c       	mov	r6, r7
    7b7a:	60 0e       	add	r6, r16
    7b7c:	68 16       	cp	r6, r24
    7b7e:	41 f0       	breq	.+16     	; 0x7b90 <clchk+0x258>
# define UART_SRL UBRR3L
# define UART_UDR UDR3
#endif

static void eeprom_write(uint16_t addr, uint8_t val) {
  while (!eeprom_is_ready());
    7b80:	7c 01       	movw	r14, r24
    7b82:	ff ef       	ldi	r31, 0xFF	; 255

  EEAR = addr;
    7b84:	ef 1a       	sub	r14, r31
    7b86:	ff 0a       	sbc	r15, r31
  EEDR = val;
    7b88:	19 d0       	rcall	.+50     	; 0x7bbc <eeprom_read>
  EECR |= 1 << EEMPE;	/* Write logical one to EEMPE */
    7b8a:	67 d0       	rcall	.+206    	; 0x7c5a <putch>
  EECR |= 1 << EEPE;	/* Start eeprom write by setting EEPE */
    7b8c:	c7 01       	movw	r24, r14
        length = bufPtr - buff;
        addrPtr = address;
        bufPtr = buff;
        while (length--) {
          watchdogReset();
          eeprom_write(addrPtr++, *bufPtr++);
    7b8e:	f6 cf       	rjmp	.-20     	; 0x7b7c <clchk+0x244>
    7b90:	07 0d       	add	r16, r7
        }
      }
#endif
    }
    /* Read memory block mode, length is big endian.  */
    else if(ch == STK_READ_PAGE) {
    7b92:	11 1d       	adc	r17, r1
    7b94:	10 c0       	rjmp	.+32     	; 0x7bb6 <clchk+0x27e>
      // READ PAGE - we only read flash and EEPROM
      uint8_t type;

      getch();			/* getlen() */
    7b96:	85 37       	cpi	r24, 0x75	; 117
    7b98:	39 f4       	brne	.+14     	; 0x7ba8 <clchk+0x270>
      length = getch();
    7b9a:	ab d1       	rcall	.+854    	; 0x7ef2 <verifySpace>
    7b9c:	8e e1       	ldi	r24, 0x1E	; 30
    7b9e:	5d d0       	rcall	.+186    	; 0x7c5a <putch>
      type = getch();
    7ba0:	85 e9       	ldi	r24, 0x95	; 149
    7ba2:	5b d0       	rcall	.+182    	; 0x7c5a <putch>

      verifySpace();
    7ba4:	8f e0       	ldi	r24, 0x0F	; 15
    7ba6:	4b cf       	rjmp	.-362    	; 0x7a3e <clchk+0x106>
    7ba8:	81 35       	cpi	r24, 0x51	; 81
      /* TODO: putNch */
#ifdef SUPPORT_EEPROM
      if (type == 'F')
    7baa:	21 f4       	brne	.+8      	; 0x7bb4 <clchk+0x27c>
    7bac:	c0 92 60 00 	sts	0x0060, r12
          __asm__ ("elpm %0,Z+\n" : "=r" (ch), "=z" (address): "1" (address));
#else
          // read a Flash byte and increment the address
          __asm__ ("lpm %0,Z+\n" : "=r" (ch), "=z" (address): "1" (address));
#endif
          putch(ch);
    7bb0:	b0 92 60 00 	sts	0x0060, r11
    7bb4:	9e d1       	rcall	.+828    	; 0x7ef2 <verifySpace>
    7bb6:	80 e1       	ldi	r24, 0x10	; 16
    7bb8:	50 d0       	rcall	.+160    	; 0x7c5a <putch>
        } while (--length);
    7bba:	33 cf       	rjmp	.-410    	; 0x7a22 <clchk+0xea>

00007bbc <eeprom_read>:
    7bbc:	f9 99       	sbic	0x1f, 1	; 31
    7bbe:	fe cf       	rjmp	.-4      	; 0x7bbc <eeprom_read>
#ifdef SUPPORT_EEPROM
      else if (type == 'E')
    7bc0:	92 bd       	out	0x22, r25	; 34
    7bc2:	81 bd       	out	0x21, r24	; 33
    7bc4:	f8 9a       	sbi	0x1f, 0	; 31
    7bc6:	80 b5       	in	r24, 0x20	; 32
    7bc8:	08 95       	ret

00007bca <spi_transfer>:
        while (length--)
    7bca:	8e bd       	out	0x2e, r24	; 46
    7bcc:	8f ef       	ldi	r24, 0xFF	; 255
          putch(eeprom_read(address++));
    7bce:	81 50       	subi	r24, 0x01	; 1
    7bd0:	0d b4       	in	r0, 0x2d	; 45
    7bd2:	07 fc       	sbrc	r0, 7
    7bd4:	02 c0       	rjmp	.+4      	; 0x7bda <spi_transfer+0x10>
    7bd6:	81 11       	cpse	r24, r1
    7bd8:	fa cf       	rjmp	.-12     	; 0x7bce <spi_transfer+0x4>
    7bda:	8e b5       	in	r24, 0x2e	; 46
    7bdc:	08 95       	ret

00007bde <delay8>:
    7bde:	01 97       	sbiw	r24, 0x01	; 1
    7be0:	48 f0       	brcs	.+18     	; 0x7bf4 <delay8+0x16>
	...
    }

    /* Get device signature bytes  */
    else if(ch == STK_READ_SIGN) {
      // READ SIGN - return what Avrdude wants to hear
      verifySpace();
    7bee:	00 00       	nop
      putch(SIGNATURE_0);
    7bf0:	a8 95       	wdr
    7bf2:	f5 cf       	rjmp	.-22     	; 0x7bde <delay8>
    7bf4:	08 95       	ret

00007bf6 <nrf24_csn.part.0>:
      putch(SIGNATURE_1);
    7bf6:	2a 9a       	sbi	0x05, 2	; 5
    7bf8:	08 95       	ret

00007bfa <nrf24_write_reg>:
    7bfa:	cf 93       	push	r28
      putch(SIGNATURE_2);
    7bfc:	df 93       	push	r29
    7bfe:	1f 92       	push	r1
    }
    else if (ch == STK_LEAVE_PROGMODE) { /* 'Q' */
    7c00:	cd b7       	in	r28, 0x3d	; 61
    7c02:	de b7       	in	r29, 0x3e	; 62
    "wdr\n"
  );
}

void watchdogConfig(uint8_t x) {
  WDTCSR = _BV(WDCE) | _BV(WDE);
    7c04:	2a 98       	cbi	0x05, 2	; 5
    7c06:	80 62       	ori	r24, 0x20	; 32
  WDTCSR = x;
    7c08:	69 83       	std	Y+1, r22	; 0x01
    7c0a:	df df       	rcall	.-66     	; 0x7bca <spi_transfer>
      watchdogConfig(WATCHDOG_16MS);
      verifySpace();
    }
    else {
      // This covers the response to commands like STK_ENTER_PROGMODE
      verifySpace();
    7c0c:	69 81       	ldd	r22, Y+1	; 0x01
    7c0e:	86 2f       	mov	r24, r22
    }
    putch(STK_OK);
    7c10:	dc df       	rcall	.-72     	; 0x7bca <spi_transfer>
    7c12:	0f 90       	pop	r0
    7c14:	df 91       	pop	r29
  }
    7c16:	cf 91       	pop	r28

	spi_transfer(addr | W_REGISTER);
	spi_transfer(value);

	nrf24_csn(1);
}
    7c18:	ee cf       	rjmp	.-36     	; 0x7bf6 <nrf24_csn.part.0>

00007c1a <nrf24_rx_mode>:
    7c1a:	80 91 45 01 	lds	r24, 0x0145
    7c1e:	81 11       	cpse	r24, r1
}

static uint8_t nrf24_in_rx = 0;

static void nrf24_rx_mode(void) {
	if (nrf24_in_rx)
    7c20:	0c c0       	rjmp	.+24     	; 0x7c3a <nrf24_rx_mode+0x20>
    7c22:	6f e7       	ldi	r22, 0x7F	; 127
    7c24:	ea df       	rcall	.-44     	; 0x7bfa <nrf24_write_reg>
    7c26:	62 e0       	ldi	r22, 0x02	; 2
		return;

	/* Rx mode */
	nrf24_write_reg(CONFIG, CONFIG_VAL | (1 << PWR_UP) | (1 << PRIM_RX));
    7c28:	82 e0       	ldi	r24, 0x02	; 2
    7c2a:	e7 df       	rcall	.-50     	; 0x7bfa <nrf24_write_reg>
    7c2c:	84 e1       	ldi	r24, 0x14	; 20
	/* Only use data pipe 1 for receiving, pipe 0 is for TX ACKs */
	nrf24_write_reg(EN_RXADDR, 0x02);
    7c2e:	90 e0       	ldi	r25, 0x00	; 0
    7c30:	d6 df       	rcall	.-84     	; 0x7bde <delay8>
    7c32:	29 9a       	sbi	0x05, 1	; 5
    7c34:	81 e0       	ldi	r24, 0x01	; 1
	else
		while (timer_read() - prev_ce_edge <= F_CPU / 5000);
#else
	/* This should take at least 10us (rising) or 200us (falling) */
	if (level)
		my_delay(0.01);
    7c36:	80 93 45 01 	sts	0x0145, r24
    7c3a:	08 95       	ret

00007c3c <nrf24_write_addr_reg>:
    7c3c:	cf 93       	push	r28
	else
		my_delay(0.2);
#endif

	if (level)
		CE_PORT |= CE_PIN;
    7c3e:	df 93       	push	r29
	/* Only use data pipe 1 for receiving, pipe 0 is for TX ACKs */
	nrf24_write_reg(EN_RXADDR, 0x02);

	nrf24_ce(1);

	nrf24_in_rx = 1;
    7c40:	eb 01       	movw	r28, r22
    7c42:	2a 98       	cbi	0x05, 2	; 5
    7c44:	80 62       	ori	r24, 0x20	; 32
    7c46:	c1 df       	rcall	.-126    	; 0x7bca <spi_transfer>
	nrf24_csn(1);

	return ret;
}

static void nrf24_write_addr_reg(uint8_t addr, uint8_t value[3]) {
    7c48:	88 81       	ld	r24, Y
    7c4a:	bf df       	rcall	.-130    	; 0x7bca <spi_transfer>
    7c4c:	89 81       	ldd	r24, Y+1	; 0x01

static inline void nrf24_csn(uint8_t level) {
	if (level)
		CSN_PORT |= CSN_PIN;
	else
		CSN_PORT &= ~CSN_PIN;
    7c4e:	bd df       	rcall	.-134    	; 0x7bca <spi_transfer>
}

static void nrf24_write_addr_reg(uint8_t addr, uint8_t value[3]) {
	nrf24_csn(0);

	spi_transfer(addr | W_REGISTER);
    7c50:	8a 81       	ldd	r24, Y+2	; 0x02
    7c52:	bb df       	rcall	.-138    	; 0x7bca <spi_transfer>
    7c54:	df 91       	pop	r29
	spi_transfer(value[0]);
    7c56:	cf 91       	pop	r28
    7c58:	ce cf       	rjmp	.-100    	; 0x7bf6 <nrf24_csn.part.0>

00007c5a <putch>:
    7c5a:	cf 92       	push	r12
	spi_transfer(value[1]);
    7c5c:	df 92       	push	r13
    7c5e:	ef 92       	push	r14
    7c60:	ff 92       	push	r15
	spi_transfer(value[2]);
    7c62:	0f 93       	push	r16
    7c64:	1f 93       	push	r17
    7c66:	cf 93       	push	r28

	nrf24_csn(1);
}
    7c68:	df 93       	push	r29
    7c6a:	90 91 47 01 	lds	r25, 0x0147
    7c6e:	99 23       	and	r25, r25

  nrf24_rx_mode();
}
#endif

void putch(char ch) {
    7c70:	09 f4       	brne	.+2      	; 0x7c74 <putch+0x1a>
    7c72:	79 c0       	rjmp	.+242    	; 0x7d66 <putch+0x10c>
    7c74:	e0 91 44 01 	lds	r30, 0x0144
    7c78:	91 e0       	ldi	r25, 0x01	; 1
    7c7a:	9e 0f       	add	r25, r30
    7c7c:	90 93 44 01 	sts	0x0144, r25
#ifdef RADIO_UART
  if (radio_mode) {
    7c80:	f0 e0       	ldi	r31, 0x00	; 0
    7c82:	ec 5d       	subi	r30, 0xDC	; 220
    7c84:	fe 4f       	sbci	r31, 0xFE	; 254
    7c86:	80 83       	st	Z, r24
    7c88:	80 31       	cpi	r24, 0x10	; 16
    static uint8_t pkt_len = 0;
    static uint8_t pkt_buf[32];

    pkt_buf[pkt_len++] = ch;
    7c8a:	21 f0       	breq	.+8      	; 0x7c94 <putch+0x3a>
    7c8c:	80 91 01 01 	lds	r24, 0x0101
    7c90:	98 13       	cpse	r25, r24
    7c92:	6f c0       	rjmp	.+222    	; 0x7d72 <putch+0x118>
    7c94:	80 e8       	ldi	r24, 0x80	; 128
    7c96:	e8 2e       	mov	r14, r24
    7c98:	dd 24       	eor	r13, r13
    7c9a:	d3 94       	inc	r13
    7c9c:	04 e2       	ldi	r16, 0x24	; 36

    if (ch == STK_OK || pkt_len == pkt_max_len) {
    7c9e:	11 e0       	ldi	r17, 0x01	; 1
    7ca0:	ea 94       	dec	r14
    7ca2:	09 f4       	brne	.+2      	; 0x7ca6 <putch+0x4c>
    7ca4:	57 c0       	rjmp	.+174    	; 0x7d54 <putch+0xfa>
    7ca6:	80 e4       	ldi	r24, 0x40	; 64
    7ca8:	9f e1       	ldi	r25, 0x1F	; 31
#endif

	if (level)
		CE_PORT |= CE_PIN;
	else
		CE_PORT &= ~CE_PIN;
    7caa:	99 df       	rcall	.-206    	; 0x7bde <delay8>
    7cac:	f0 90 44 01 	lds	r15, 0x0144
	 * in Rx which we'll switch back on when this Tx is done.
	 */
	if (nrf24_in_rx) {
		nrf24_idle_mode(1);

		nrf24_in_rx = 1;
    7cb0:	80 91 45 01 	lds	r24, 0x0145
    7cb4:	88 23       	and	r24, r24
    7cb6:	31 f0       	breq	.+12     	; 0x7cc4 <putch+0x6a>
#ifdef SEQN
      uint8_t cnt = 128;

      while (--cnt) {
    7cb8:	80 e9       	ldi	r24, 0x90	; 144
    7cba:	91 e0       	ldi	r25, 0x01	; 1
        /* Wait 4ms to allow the remote end to switch to Rx mode */
        my_delay(4);
    7cbc:	90 df       	rcall	.-224    	; 0x7bde <delay8>
    7cbe:	29 98       	cbi	0x05, 1	; 5
    7cc0:	d0 92 45 01 	sts	0x0145, r13

        nrf24_tx(pkt_buf, pkt_len);
    7cc4:	6e e7       	ldi	r22, 0x7E	; 126
    7cc6:	80 e0       	ldi	r24, 0x00	; 0
	/*
	 * The user may have put the chip out of Rx mode to perform a
	 * few Tx operations in a row, or they may have left the chip
	 * in Rx which we'll switch back on when this Tx is done.
	 */
	if (nrf24_in_rx) {
    7cc8:	98 df       	rcall	.-208    	; 0x7bfa <nrf24_write_reg>
    7cca:	61 e0       	ldi	r22, 0x01	; 1
    7ccc:	82 e0       	ldi	r24, 0x02	; 2
    7cce:	95 df       	rcall	.-214    	; 0x7bfa <nrf24_write_reg>
#else
	/* This should take at least 10us (rising) or 200us (falling) */
	if (level)
		my_delay(0.01);
	else
		my_delay(0.2);
    7cd0:	2a 98       	cbi	0x05, 2	; 5
    7cd2:	81 ee       	ldi	r24, 0xE1	; 225
    7cd4:	7a df       	rcall	.-268    	; 0x7bca <spi_transfer>
    7cd6:	8f df       	rcall	.-226    	; 0x7bf6 <nrf24_csn.part.0>
#endif

	if (level)
		CE_PORT |= CE_PIN;
	else
		CE_PORT &= ~CE_PIN;
    7cd8:	2a 98       	cbi	0x05, 2	; 5
	 * in Rx which we'll switch back on when this Tx is done.
	 */
	if (nrf24_in_rx) {
		nrf24_idle_mode(1);

		nrf24_in_rx = 1;
    7cda:	80 ea       	ldi	r24, 0xA0	; 160
    7cdc:	76 df       	rcall	.-276    	; 0x7bca <spi_transfer>
	}

	/* Tx mode */
	nrf24_write_reg(CONFIG, CONFIG_VAL | (1 << PWR_UP));
    7cde:	c4 e2       	ldi	r28, 0x24	; 36
    7ce0:	d1 e0       	ldi	r29, 0x01	; 1
    7ce2:	f0 0e       	add	r15, r16
    7ce4:	fc 16       	cp	r15, r28
	/* Use pipe 0 for receiving ACK packets */
	nrf24_write_reg(EN_RXADDR, 0x01);
    7ce6:	19 f0       	breq	.+6      	; 0x7cee <putch+0x94>
    7ce8:	89 91       	ld	r24, Y+
    7cea:	6f df       	rcall	.-290    	; 0x7bca <spi_transfer>
    7cec:	fb cf       	rjmp	.-10     	; 0x7ce4 <putch+0x8a>

static inline void nrf24_csn(uint8_t level) {
	if (level)
		CSN_PORT |= CSN_PIN;
	else
		CSN_PORT &= ~CSN_PIN;
    7cee:	83 df       	rcall	.-250    	; 0x7bf6 <nrf24_csn.part.0>
static uint8_t nrf24_tx_flush(void) {
	uint8_t ret;

	nrf24_csn(0);

	ret = spi_transfer(FLUSH_TX);
    7cf0:	84 e1       	ldi	r24, 0x14	; 20
    7cf2:	90 e0       	ldi	r25, 0x00	; 0
    7cf4:	74 df       	rcall	.-280    	; 0x7bde <delay8>
    7cf6:	29 9a       	sbi	0x05, 1	; 5
    7cf8:	2a 98       	cbi	0x05, 2	; 5

static inline void nrf24_csn(uint8_t level) {
	if (level)
		CSN_PORT |= CSN_PIN;
	else
		CSN_PORT &= ~CSN_PIN;
    7cfa:	8f ef       	ldi	r24, 0xFF	; 255
	 */
	nrf24_tx_flush();

	nrf24_csn(0);

	spi_transfer(W_TX_PAYLOAD);
    7cfc:	66 df       	rcall	.-308    	; 0x7bca <spi_transfer>
    7cfe:	f8 2e       	mov	r15, r24
    7d00:	7a df       	rcall	.-268    	; 0x7bf6 <nrf24_csn.part.0>
    7d02:	80 e9       	ldi	r24, 0x90	; 144
    7d04:	91 e0       	ldi	r25, 0x01	; 1
    7d06:	6b df       	rcall	.-298    	; 0x7bde <delay8>
	while (len --)
    7d08:	29 98       	cbi	0x05, 1	; 5
    7d0a:	c0 e1       	ldi	r28, 0x10	; 16
		spi_transfer(*buf ++);
    7d0c:	d7 e2       	ldi	r29, 0x27	; 39
    7d0e:	8f 2d       	mov	r24, r15
    7d10:	80 72       	andi	r24, 0x20	; 32
    7d12:	c8 2e       	mov	r12, r24
    7d14:	f5 fe       	sbrs	r15, 5
    7d16:	0d c0       	rjmp	.+26     	; 0x7d32 <putch+0xd8>
	else
		while (timer_read() - prev_ce_edge <= F_CPU / 5000);
#else
	/* This should take at least 10us (rising) or 200us (falling) */
	if (level)
		my_delay(0.01);
    7d18:	f0 fc       	sbrc	r15, 0
    7d1a:	0b c0       	rjmp	.+22     	; 0x7d32 <putch+0xd8>
    7d1c:	60 e3       	ldi	r22, 0x30	; 48
    7d1e:	87 e0       	ldi	r24, 0x07	; 7
	else
		my_delay(0.2);
#endif

	if (level)
		CE_PORT |= CE_PIN;
    7d20:	6c df       	rcall	.-296    	; 0x7bfa <nrf24_write_reg>

static inline void nrf24_csn(uint8_t level) {
	if (level)
		CSN_PORT |= CSN_PIN;
	else
		CSN_PORT &= ~CSN_PIN;
    7d22:	80 91 45 01 	lds	r24, 0x0145
static uint8_t nrf24_read_status(void) {
	uint8_t ret;

	nrf24_csn(0);

	ret = spi_transfer(NOP);
    7d26:	88 23       	and	r24, r24
    7d28:	91 f0       	breq	.+36     	; 0x7d4e <putch+0xf4>
    7d2a:	10 92 45 01 	sts	0x0145, r1
    7d2e:	75 df       	rcall	.-278    	; 0x7c1a <nrf24_rx_mode>
#else
	/* This should take at least 10us (rising) or 200us (falling) */
	if (level)
		my_delay(0.01);
	else
		my_delay(0.2);
    7d30:	0e c0       	rjmp	.+28     	; 0x7d4e <putch+0xf4>
    7d32:	f4 fc       	sbrc	r15, 4
    7d34:	f3 cf       	rjmp	.-26     	; 0x7d1c <putch+0xc2>
    7d36:	21 97       	sbiw	r28, 0x01	; 1
#endif

	if (level)
		CE_PORT |= CE_PIN;
	else
		CE_PORT &= ~CE_PIN;
    7d38:	20 97       	sbiw	r28, 0x00	; 0
    7d3a:	81 f3       	breq	.-32     	; 0x7d1c <putch+0xc2>
    7d3c:	84 e1       	ldi	r24, 0x14	; 20
	status = nrf24_read_status();

	/* Reset CE early so that a new Tx or Rx op can start sooner. */
	nrf24_ce(0);

	while ((!(status & (1 << TX_DS)) || (status & (1 << TX_FULL))) &&
    7d3e:	90 e0       	ldi	r25, 0x00	; 0
    7d40:	4e df       	rcall	.-356    	; 0x7bde <delay8>
    7d42:	2a 98       	cbi	0x05, 2	; 5
    7d44:	8f ef       	ldi	r24, 0xFF	; 255
    7d46:	41 df       	rcall	.-382    	; 0x7bca <spi_transfer>
    7d48:	f8 2e       	mov	r15, r24
    7d4a:	55 df       	rcall	.-342    	; 0x7bf6 <nrf24_csn.part.0>
		delay8((int) (F_CPU / 8000L * 0.01));
		status = nrf24_read_status();
	}

	/* Reset status bits */
	nrf24_write_reg(STATUS, (1 << MAX_RT) | (1 << TX_DS));
    7d4c:	e0 cf       	rjmp	.-64     	; 0x7d0e <putch+0xb4>
    7d4e:	cc 20       	and	r12, r12
    7d50:	09 f4       	brne	.+2      	; 0x7d54 <putch+0xfa>
    7d52:	a6 cf       	rjmp	.-180    	; 0x7ca0 <putch+0x46>

	if (nrf24_in_rx) {
    7d54:	81 e0       	ldi	r24, 0x01	; 1
    7d56:	80 93 44 01 	sts	0x0144, r24
    7d5a:	80 91 24 01 	lds	r24, 0x0124
		nrf24_in_rx = 0;
    7d5e:	8f 5f       	subi	r24, 0xFF	; 255

		nrf24_rx_mode();
    7d60:	80 93 24 01 	sts	0x0124, r24
    7d64:	06 c0       	rjmp	.+12     	; 0x7d72 <putch+0x118>
	status = nrf24_read_status();

	/* Reset CE early so that a new Tx or Rx op can start sooner. */
	nrf24_ce(0);

	while ((!(status & (1 << TX_DS)) || (status & (1 << TX_FULL))) &&
    7d66:	90 91 c0 00 	lds	r25, 0x00C0
    7d6a:	95 ff       	sbrs	r25, 5
			!(status & (1 << MAX_RT)) && --count) {
    7d6c:	fc cf       	rjmp	.-8      	; 0x7d66 <putch+0x10c>
    7d6e:	80 93 c6 00 	sts	0x00C6, r24
		delay8((int) (F_CPU / 8000L * 0.01));
    7d72:	df 91       	pop	r29
    7d74:	cf 91       	pop	r28
    7d76:	1f 91       	pop	r17

static inline void nrf24_csn(uint8_t level) {
	if (level)
		CSN_PORT |= CSN_PIN;
	else
		CSN_PORT &= ~CSN_PIN;
    7d78:	0f 91       	pop	r16
static uint8_t nrf24_read_status(void) {
	uint8_t ret;

	nrf24_csn(0);

	ret = spi_transfer(NOP);
    7d7a:	ff 90       	pop	r15
    7d7c:	ef 90       	pop	r14
    7d7e:	df 90       	pop	r13
    7d80:	cf 90       	pop	r12
    7d82:	08 95       	ret

00007d84 <getch>:
    7d84:	af 92       	push	r10
    7d86:	bf 92       	push	r11
		nrf24_in_rx = 0;

		nrf24_rx_mode();
	}

	return (status & (1 << TX_DS)) ? 0 : -1;
    7d88:	df 92       	push	r13
    7d8a:	ef 92       	push	r14
    7d8c:	ff 92       	push	r15
	 * maybe has given up and is resending the full command which
	 * is ok.
	 */
      }

      pkt_len = 1;
    7d8e:	0f 93       	push	r16
    7d90:	1f 93       	push	r17
    7d92:	cf 93       	push	r28
      pkt_buf[0] ++;
    7d94:	df 93       	push	r29
    7d96:	1f 92       	push	r1
    7d98:	cd b7       	in	r28, 0x3d	; 61
    7d9a:	de b7       	in	r29, 0x3e	; 62
    7d9c:	03 e0       	ldi	r16, 0x03	; 3
    7d9e:	11 e0       	ldi	r17, 0x01	; 1

    return;
  }
#endif
#ifndef SOFT_UART
  while (!(UART_SRA & _BV(UDRE0)));
    7da0:	ff 24       	eor	r15, r15
    7da2:	f3 94       	inc	r15
    7da4:	25 e0       	ldi	r18, 0x05	; 5
    7da6:	d2 2e       	mov	r13, r18
  UART_UDR = ch;
    7da8:	80 91 46 01 	lds	r24, 0x0146
      [uartBit] "I" (UART_TX_BIT)
    :
      "r25"
  );
#endif
}
    7dac:	90 91 c0 00 	lds	r25, 0x00C0
    7db0:	97 ff       	sbrs	r25, 7
    7db2:	08 c0       	rjmp	.+16     	; 0x7dc4 <getch+0x40>
    7db4:	80 91 c0 00 	lds	r24, 0x00C0
    7db8:	84 fd       	sbrc	r24, 4
    7dba:	01 c0       	rjmp	.+2      	; 0x7dbe <getch+0x3a>
    7dbc:	a8 95       	wdr

uint8_t getch(void) {
    7dbe:	80 91 c6 00 	lds	r24, 0x00C6
    7dc2:	78 c0       	rjmp	.+240    	; 0x7eb4 <getch+0x130>
    7dc4:	88 23       	and	r24, r24
    7dc6:	91 f3       	breq	.-28     	; 0x7dac <getch+0x28>
    7dc8:	80 91 23 01 	lds	r24, 0x0123
    7dcc:	88 23       	and	r24, r24
    7dce:	d1 f0       	breq	.+52     	; 0x7e04 <getch+0x80>
    7dd0:	a8 95       	wdr
    7dd2:	80 91 23 01 	lds	r24, 0x0123
    7dd6:	81 11       	cpse	r24, r1
    7dd8:	5e c0       	rjmp	.+188    	; 0x7e96 <getch+0x112>
#define START 1
#else
#define START 0
#endif
        nrf24_rx_read(pkt_buf, &pkt_len);
        pkt_start = START;
    7dda:	60 e4       	ldi	r22, 0x40	; 64
    7ddc:	87 e0       	ldi	r24, 0x07	; 7
           * should contain the sender's address.
           */
          nrf24_set_tx_addr(pkt_buf);
          pkt_max_len = pkt_buf[3];
          pkt_len -= 4;
          pkt_start += 4;
    7dde:	0d df       	rcall	.-486    	; 0x7bfa <nrf24_write_reg>
    7de0:	2a 98       	cbi	0x05, 2	; 5
      ch = UART_UDR;
      break;
    }

#ifdef RADIO_UART
    if (radio_present && (pkt_len || nrf24_rx_fifo_data())) {
    7de2:	80 e6       	ldi	r24, 0x60	; 96
    7de4:	f2 de       	rcall	.-540    	; 0x7bca <spi_transfer>
    :
      "r25"
);
#else
  while(1) {
    if (UART_SRA & _BV(RXC0)) {
    7de6:	80 e0       	ldi	r24, 0x00	; 0
    7de8:	f0 de       	rcall	.-544    	; 0x7bca <spi_transfer>
    7dea:	e8 2e       	mov	r14, r24
    7dec:	04 df       	rcall	.-504    	; 0x7bf6 <nrf24_csn.part.0>
      if (!(UART_SRA & _BV(FE0))) {
    7dee:	e0 92 23 01 	sts	0x0123, r14
    7df2:	2a 98       	cbi	0x05, 2	; 5
    7df4:	81 e6       	ldi	r24, 0x61	; 97
}
#endif

// Watchdog functions. These are only safe with interrupts turned off.
void watchdogReset() {
  __asm__ __volatile__ (
    7df6:	e9 de       	rcall	.-558    	; 0x7bca <spi_transfer>
         * don't care that an invalid char is returned...)
         */
        watchdogReset();
      }

      ch = UART_UDR;
    7df8:	93 e0       	ldi	r25, 0x03	; 3
    7dfa:	a9 2e       	mov	r10, r25
      break;
    7dfc:	91 e0       	ldi	r25, 0x01	; 1
    }

#ifdef RADIO_UART
    if (radio_present && (pkt_len || nrf24_rx_fifo_data())) {
    7dfe:	b9 2e       	mov	r11, r25
    7e00:	e0 0e       	add	r14, r16
    7e02:	0b c0       	rjmp	.+22     	; 0x7e1a <getch+0x96>
    7e04:	2a 98       	cbi	0x05, 2	; 5
    7e06:	87 e1       	ldi	r24, 0x17	; 23
    7e08:	e0 de       	rcall	.-576    	; 0x7bca <spi_transfer>
}
#endif

// Watchdog functions. These are only safe with interrupts turned off.
void watchdogReset() {
  __asm__ __volatile__ (
    7e0a:	80 e0       	ldi	r24, 0x00	; 0

#ifdef RADIO_UART
    if (radio_present && (pkt_len || nrf24_rx_fifo_data())) {
      watchdogReset();

      if (!pkt_len) {
    7e0c:	de de       	rcall	.-580    	; 0x7bca <spi_transfer>
    7e0e:	89 83       	std	Y+1, r24	; 0x01
    7e10:	f2 de       	rcall	.-540    	; 0x7bf6 <nrf24_csn.part.0>
    7e12:	89 81       	ldd	r24, Y+1	; 0x01
}

static void nrf24_rx_read(uint8_t *buf, uint8_t *pkt_len) {
	uint8_t len;

	nrf24_write_reg(STATUS, 1 << RX_DR);
    7e14:	80 ff       	sbrs	r24, 0
    7e16:	dc cf       	rjmp	.-72     	; 0x7dd0 <getch+0x4c>
    7e18:	c7 cf       	rjmp	.-114    	; 0x7da8 <getch+0x24>
    7e1a:	ea 14       	cp	r14, r10

static inline void nrf24_csn(uint8_t level) {
	if (level)
		CSN_PORT |= CSN_PIN;
	else
		CSN_PORT &= ~CSN_PIN;
    7e1c:	31 f0       	breq	.+12     	; 0x7e2a <getch+0xa6>
static uint8_t nrf24_rx_data_avail(void) {
	uint8_t ret;

	nrf24_csn(0);

	spi_transfer(R_RX_PL_WID);
    7e1e:	80 e0       	ldi	r24, 0x00	; 0
    7e20:	d4 de       	rcall	.-600    	; 0x7bca <spi_transfer>
    7e22:	f5 01       	movw	r30, r10
	ret = spi_transfer(0);
    7e24:	81 93       	st	Z+, r24
    7e26:	5f 01       	movw	r10, r30
    7e28:	f8 cf       	rjmp	.-16     	; 0x7e1a <getch+0x96>
    7e2a:	e5 de       	rcall	.-566    	; 0x7bf6 <nrf24_csn.part.0>
    7e2c:	f0 92 02 01 	sts	0x0102, r15
	uint8_t len;

	nrf24_write_reg(STATUS, 1 << RX_DR);

	len = nrf24_rx_data_avail();
	*pkt_len = len;
    7e30:	80 91 47 01 	lds	r24, 0x0147

static inline void nrf24_csn(uint8_t level) {
	if (level)
		CSN_PORT |= CSN_PIN;
	else
		CSN_PORT &= ~CSN_PIN;
    7e34:	81 11       	cpse	r24, r1
	len = nrf24_rx_data_avail();
	*pkt_len = len;

	nrf24_csn(0);

	spi_transfer(R_RX_PAYLOAD);
    7e36:	1c c0       	rjmp	.+56     	; 0x7e70 <getch+0xec>
    7e38:	80 91 23 01 	lds	r24, 0x0123
    7e3c:	84 30       	cpi	r24, 0x04	; 4
    7e3e:	b0 f0       	brcs	.+44     	; 0x7e6c <getch+0xe8>
    7e40:	63 e0       	ldi	r22, 0x03	; 3
    7e42:	71 e0       	ldi	r23, 0x01	; 1
    7e44:	80 e1       	ldi	r24, 0x10	; 16
    7e46:	fa de       	rcall	.-524    	; 0x7c3c <nrf24_write_addr_reg>

static inline void nrf24_csn(uint8_t level) {
	if (level)
		CSN_PORT |= CSN_PIN;
	else
		CSN_PORT &= ~CSN_PIN;
    7e48:	63 e0       	ldi	r22, 0x03	; 3
static uint8_t nrf24_read_reg(uint8_t addr) {
	uint8_t ret;

	nrf24_csn(0);

	spi_transfer(addr | R_REGISTER);
    7e4a:	71 e0       	ldi	r23, 0x01	; 1
    7e4c:	8a e0       	ldi	r24, 0x0A	; 10
    7e4e:	f6 de       	rcall	.-532    	; 0x7c3c <nrf24_write_addr_reg>
	ret = spi_transfer(0);
    7e50:	80 91 06 01 	lds	r24, 0x0106
    7e54:	80 93 01 01 	sts	0x0101, r24
    7e58:	80 91 23 01 	lds	r24, 0x0123
      ch = UART_UDR;
      break;
    }

#ifdef RADIO_UART
    if (radio_present && (pkt_len || nrf24_rx_fifo_data())) {
    7e5c:	84 50       	subi	r24, 0x04	; 4
    7e5e:	80 93 23 01 	sts	0x0123, r24
    7e62:	d0 92 02 01 	sts	0x0102, r13
	*pkt_len = len;

	nrf24_csn(0);

	spi_transfer(R_RX_PAYLOAD);
	while (len --)
    7e66:	f0 92 47 01 	sts	0x0147, r15
		*buf ++ = spi_transfer(0);
    7e6a:	02 c0       	rjmp	.+4      	; 0x7e70 <getch+0xec>
    7e6c:	10 92 23 01 	sts	0x0123, r1
    7e70:	80 91 23 01 	lds	r24, 0x0123
    7e74:	88 23       	and	r24, r24
    7e76:	09 f4       	brne	.+2      	; 0x7e7a <getch+0xf6>
    7e78:	97 cf       	rjmp	.-210    	; 0x7da8 <getch+0x24>
#define START 1
#else
#define START 0
#endif
        nrf24_rx_read(pkt_buf, &pkt_len);
        pkt_start = START;
    7e7a:	90 91 03 01 	lds	r25, 0x0103

        if (!radio_mode && pkt_len >= 4) {
    7e7e:	20 91 00 01 	lds	r18, 0x0100
    7e82:	92 13       	cpse	r25, r18
    7e84:	03 c0       	rjmp	.+6      	; 0x7e8c <getch+0x108>
    7e86:	10 92 23 01 	sts	0x0123, r1
    7e8a:	8e cf       	rjmp	.-228    	; 0x7da8 <getch+0x24>
    7e8c:	90 93 00 01 	sts	0x0100, r25
static void nrf24_set_rx_addr(uint8_t addr[3]) {
	nrf24_write_addr_reg(RX_ADDR_P1, addr);
}

static void nrf24_set_tx_addr(uint8_t addr[3]) {
	nrf24_write_addr_reg(TX_ADDR, addr);
    7e90:	81 50       	subi	r24, 0x01	; 1
    7e92:	80 93 23 01 	sts	0x0123, r24
    7e96:	e0 91 02 01 	lds	r30, 0x0102
	/* The pipe 0 address is the address we listen on for ACKs */
	nrf24_write_addr_reg(RX_ADDR_P0, addr);
    7e9a:	81 e0       	ldi	r24, 0x01	; 1
    7e9c:	8e 0f       	add	r24, r30
    7e9e:	80 93 02 01 	sts	0x0102, r24
          /*
           * If this is the first packet we receive, the first three bytes
           * should contain the sender's address.
           */
          nrf24_set_tx_addr(pkt_buf);
          pkt_max_len = pkt_buf[3];
    7ea2:	f0 e0       	ldi	r31, 0x00	; 0
    7ea4:	ed 5f       	subi	r30, 0xFD	; 253
    7ea6:	fe 4f       	sbci	r31, 0xFE	; 254
    7ea8:	80 81       	ld	r24, Z
          pkt_len -= 4;
    7eaa:	90 91 23 01 	lds	r25, 0x0123
    7eae:	91 50       	subi	r25, 0x01	; 1
    7eb0:	90 93 23 01 	sts	0x0123, r25
          pkt_start += 4;
    7eb4:	0f 90       	pop	r0
    7eb6:	df 91       	pop	r29

          radio_mode = 1;
    7eb8:	cf 91       	pop	r28
    7eba:	1f 91       	pop	r17
    7ebc:	0f 91       	pop	r16
        } else if (!radio_mode)
          pkt_len = 0;
    7ebe:	ff 90       	pop	r15
    7ec0:	ef 90       	pop	r14

        if (!pkt_len)
    7ec2:	df 90       	pop	r13
    7ec4:	bf 90       	pop	r11
    7ec6:	af 90       	pop	r10
    7ec8:	08 95       	ret

00007eca <wait_timeout>:
    7eca:	80 91 45 01 	lds	r24, 0x0145
          continue;

#ifdef SEQN
        if (pkt_buf[0] == seqn) {
    7ece:	88 23       	and	r24, r24
    7ed0:	21 f0       	breq	.+8      	; 0x7eda <wait_timeout+0x10>
    7ed2:	80 e9       	ldi	r24, 0x90	; 144
    7ed4:	91 e0       	ldi	r25, 0x01	; 1
    7ed6:	83 de       	rcall	.-762    	; 0x7bde <delay8>
          pkt_len = 0;
    7ed8:	29 98       	cbi	0x05, 1	; 5
    7eda:	6c e7       	ldi	r22, 0x7C	; 124
          continue;
    7edc:	80 e0       	ldi	r24, 0x00	; 0
        }

        seqn = pkt_buf[0];
    7ede:	8d de       	rcall	.-742    	; 0x7bfa <nrf24_write_reg>
    7ee0:	10 92 45 01 	sts	0x0145, r1
        pkt_len--;
    7ee4:	88 e1       	ldi	r24, 0x18	; 24
    7ee6:	80 93 60 00 	sts	0x0060, r24
#endif
      }

      ch = pkt_buf[pkt_start ++];
    7eea:	88 e0       	ldi	r24, 0x08	; 8
    7eec:	80 93 60 00 	sts	0x0060, r24
    7ef0:	ff cf       	rjmp	.-2      	; 0x7ef0 <wait_timeout+0x26>

00007ef2 <verifySpace>:
    7ef2:	48 df       	rcall	.-368    	; 0x7d84 <getch>
    7ef4:	80 32       	cpi	r24, 0x20	; 32
    7ef6:	09 f0       	breq	.+2      	; 0x7efa <verifySpace+0x8>
    7ef8:	e8 df       	rcall	.-48     	; 0x7eca <wait_timeout>
    7efa:	84 e1       	ldi	r24, 0x14	; 20
      pkt_len --;
    7efc:	ae ce       	rjmp	.-676    	; 0x7c5a <putch>

00007efe <getNch>:
    7efe:	cf 93       	push	r28
    7f00:	c8 2f       	mov	r28, r24
    7f02:	40 df       	rcall	.-384    	; 0x7d84 <getch>
    7f04:	c1 50       	subi	r28, 0x01	; 1
  LED_PIN |= _BV(LED);
#endif
#endif

  return ch;
}
    7f06:	e9 f7       	brne	.-6      	; 0x7f02 <getNch+0x4>
    7f08:	cf 91       	pop	r28
    7f0a:	f3 cf       	rjmp	.-26     	; 0x7ef2 <verifySpace>

00007f0c <watchdogConfig>:
    7f0c:	e0 e6       	ldi	r30, 0x60	; 96
    7f0e:	f0 e0       	ldi	r31, 0x00	; 0
    7f10:	98 e1       	ldi	r25, 0x18	; 24
    7f12:	90 83       	st	Z, r25
    7f14:	80 83       	st	Z, r24
    7f16:	08 95       	ret

00007f18 <appStart>:
    7f18:	e0 e6       	ldi	r30, 0x60	; 96
    7f1a:	f0 e0       	ldi	r31, 0x00	; 0
 * This switches out of Rx mode and leaves the chip in Standby if desired.
 * Otherwise the chip is powered off.  In Standby a new operation will
 * start faster but more current is consumed while waiting.
 */
static void nrf24_idle_mode(uint8_t standby) {
	if (nrf24_in_rx) {
    7f1c:	98 e1       	ldi	r25, 0x18	; 24
    7f1e:	90 83       	st	Z, r25
    7f20:	10 82       	st	Z, r1
    7f22:	28 2e       	mov	r2, r24
#else
	/* This should take at least 10us (rising) or 200us (falling) */
	if (level)
		my_delay(0.01);
	else
		my_delay(0.2);
    7f24:	ee 27       	eor	r30, r30
    7f26:	ff 27       	eor	r31, r31
    7f28:	09 94       	ijmp
